Archive member included to satisfy reference by file (symbol)

.\ARM_GCC_541\Debug\nadimaPSoCOneWire.a(ADC_DelSig_1.o)
                              .\ARM_GCC_541\Debug\main.o (ADC_DelSig_1_Start)
.\ARM_GCC_541\Debug\nadimaPSoCOneWire.a(ADC_DelSig_1_INT.o)
                              .\ARM_GCC_541\Debug\nadimaPSoCOneWire.a(ADC_DelSig_1.o) (ADC_DelSig_1_ISR1)
.\ARM_GCC_541\Debug\nadimaPSoCOneWire.a(UART_1.o)
                              .\ARM_GCC_541\Debug\main.o (UART_1_Start)
.\ARM_GCC_541\Debug\nadimaPSoCOneWire.a(ADC_isr.o)
                              .\ARM_GCC_541\Debug\main.o (ADC_isr_Disable)
.\ARM_GCC_541\Debug\nadimaPSoCOneWire.a(Timer.o)
                              .\ARM_GCC_541\Debug\main.o (Timer_Start)
.\ARM_GCC_541\Debug\nadimaPSoCOneWire.a(Timer_isr.o)
                              .\ARM_GCC_541\Debug\main.o (Timer_isr_StartEx)
.\ARM_GCC_541\Debug\nadimaPSoCOneWire.a(ADC_DelSig_1_AMux.o)
                              .\ARM_GCC_541\Debug\nadimaPSoCOneWire.a(ADC_DelSig_1.o) (ADC_DelSig_1_AMux_Select)
.\ARM_GCC_541\Debug\nadimaPSoCOneWire.a(ADC_DelSig_1_Ext_CP_Clk.o)
                              .\ARM_GCC_541\Debug\nadimaPSoCOneWire.a(ADC_DelSig_1.o) (ADC_DelSig_1_Ext_CP_Clk_SetDividerRegister)
.\ARM_GCC_541\Debug\nadimaPSoCOneWire.a(ADC_DelSig_1_theACLK.o)
                              .\ARM_GCC_541\Debug\nadimaPSoCOneWire.a(ADC_DelSig_1.o) (ADC_DelSig_1_theACLK_SetDividerRegister)
.\ARM_GCC_541\Debug\nadimaPSoCOneWire.a(UART_1_IntClock.o)
                              .\ARM_GCC_541\Debug\nadimaPSoCOneWire.a(UART_1.o) (UART_1_IntClock_Start)
.\ARM_GCC_541\Debug\nadimaPSoCOneWire.a(CyLib.o)
                              .\ARM_GCC_541\Debug\Cm3Start.o (CyResetStatus)
.\ARM_GCC_541\Debug\nadimaPSoCOneWire.a(cyPm.o)
                              .\ARM_GCC_541\Debug\nadimaPSoCOneWire.a(CyLib.o) (CyPmReadStatus)
.\ARM_GCC_541\Debug\nadimaPSoCOneWire.a(OneWire.o)
                              .\ARM_GCC_541\Debug\main.o (OneWire_Write)
.\ARM_GCC_541\Debug\nadimaPSoCOneWire.a(CyBootAsmGnu.o)
                              .\ARM_GCC_541\Debug\cyfitter_cfg.o (CyDelayCycles)
.\ARM_GCC_541\Debug\nadimaPSoCOneWire.a(CyFlash.o)
                              .\ARM_GCC_541\Debug\nadimaPSoCOneWire.a(cyPm.o) (CyFlash_SetWaitCycles)
.\ARM_GCC_541\Debug\nadimaPSoCOneWire.a(CySpc.o)
                              .\ARM_GCC_541\Debug\nadimaPSoCOneWire.a(CyFlash.o) (CySpcStart)
c:/program files (x86)/cypress/psoc creator/4.4/psoc creator/import/gnu/arm/5.4.1/bin/../lib/gcc/arm-none-eabi/5.4.1/armv7-m\libgcc.a(_arm_addsubdf3.o)
                              .\ARM_GCC_541\Debug\nadimaPSoCOneWire.a(ADC_DelSig_1.o) (__aeabi_f2d)
c:/program files (x86)/cypress/psoc creator/4.4/psoc creator/import/gnu/arm/5.4.1/bin/../lib/gcc/arm-none-eabi/5.4.1/armv7-m\libgcc.a(_arm_cmpdf2.o)
                              .\ARM_GCC_541\Debug\nadimaPSoCOneWire.a(ADC_DelSig_1.o) (__aeabi_dcmpgt)
c:/program files (x86)/cypress/psoc creator/4.4/psoc creator/import/gnu/arm/5.4.1/bin/../lib/gcc/arm-none-eabi/5.4.1/armv7-m\libgcc.a(_arm_addsubsf3.o)
                              .\ARM_GCC_541\Debug\main.o (__aeabi_ui2f)
c:/program files (x86)/cypress/psoc creator/4.4/psoc creator/import/gnu/arm/5.4.1/bin/../lib/gcc/arm-none-eabi/5.4.1/armv7-m\libgcc.a(_arm_muldivsf3.o)
                              .\ARM_GCC_541\Debug\nadimaPSoCOneWire.a(ADC_DelSig_1.o) (__aeabi_fmul)
c:/program files (x86)/cypress/psoc creator/4.4/psoc creator/import/gnu/arm/5.4.1/bin/../lib/gcc/arm-none-eabi/5.4.1/armv7-m\libgcc.a(_arm_fixsfsi.o)
                              .\ARM_GCC_541\Debug\main.o (__aeabi_f2iz)
c:/program files (x86)/cypress/psoc creator/4.4/psoc creator/import/gnu/arm/5.4.1/bin/../lib/gcc/arm-none-eabi/5.4.1/armv7-m\libgcc.a(_arm_fixunssfsi.o)
                              .\ARM_GCC_541\Debug\nadimaPSoCOneWire.a(ADC_DelSig_1.o) (__aeabi_f2uiz)
c:/program files (x86)/cypress/psoc creator/4.4/psoc creator/import/gnu/arm/5.4.1/bin/../lib/gcc/arm-none-eabi/5.4.1/../../../../arm-none-eabi/lib/armv7-m\libg_nano.a(lib_a-errno.o)
                              .\ARM_GCC_541\Debug\Cm3Start.o (__errno)
c:/program files (x86)/cypress/psoc creator/4.4/psoc creator/import/gnu/arm/5.4.1/bin/../lib/gcc/arm-none-eabi/5.4.1/../../../../arm-none-eabi/lib/armv7-m\libg_nano.a(lib_a-exit.o)
                              c:/program files (x86)/cypress/psoc creator/4.4/psoc creator/import/gnu/arm/5.4.1/bin/../lib/gcc/arm-none-eabi/5.4.1/../../../../arm-none-eabi/lib/armv7-m/crt0.o (exit)
c:/program files (x86)/cypress/psoc creator/4.4/psoc creator/import/gnu/arm/5.4.1/bin/../lib/gcc/arm-none-eabi/5.4.1/../../../../arm-none-eabi/lib/armv7-m\libg_nano.a(lib_a-impure.o)
                              c:/program files (x86)/cypress/psoc creator/4.4/psoc creator/import/gnu/arm/5.4.1/bin/../lib/gcc/arm-none-eabi/5.4.1/../../../../arm-none-eabi/lib/armv7-m\libg_nano.a(lib_a-exit.o) (_global_impure_ptr)
[...]
Memory Configuration

Name             Origin             Length             Attributes
rom              0x00000000         0x00040000         xr
ram              0x1fff8000         0x00010000         xrw
*default*        0x00000000         0xffffffff

Linker script and memory map

LOAD c:/program files (x86)/cypress/psoc creator/4.4/psoc creator/import/gnu/arm/5.4.1/bin/../lib/gcc/arm-none-eabi/5.4.1/armv7-m/crti.o
LOAD c:/program files (x86)/cypress/psoc creator/4.4/psoc creator/import/gnu/arm/5.4.1/bin/../lib/gcc/arm-none-eabi/5.4.1/armv7-m/crtbegin.o
LOAD c:/program files (x86)/cypress/psoc creator/4.4/psoc creator/import/gnu/arm/5.4.1/bin/../lib/gcc/arm-none-eabi/5.4.1/../../../../arm-none-eabi/lib/armv7-m/crt0.o
START GROUP
LOAD .\ARM_GCC_541\Debug\main.o
LOAD .\ARM_GCC_541\Debug\cyfitter_cfg.o
LOAD .\ARM_GCC_541\Debug\cymetadata.o
LOAD .\ARM_GCC_541\Debug\Cm3Start.o
LOAD .\ARM_GCC_541\Debug\nadimaPSoCOneWire.a
LOAD C:\Program Files (x86)\Cypress\PSoC Creator\4.4\PSoC Creator\psoc\content\cycomponentlibrary\CyComponentLibrary.cylib\CortexM3\ARM_GCC_541\Debug\CyComponentLibrary.a
END GROUP
START GROUP
LOAD c:/program files (x86)/cypress/psoc creator/4.4/psoc creator/import/gnu/arm/5.4.1/bin/../lib/gcc/arm-none-eabi/5.4.1/armv7-m\libgcc.a
LOAD c:/program files (x86)/cypress/psoc creator/4.4/psoc creator/import/gnu/arm/5.4.1/bin/../lib/gcc/arm-none-eabi/5.4.1/../../../../arm-none-eabi/lib/armv7-m\libg_nano.a
LOAD c:/program files (x86)/cypress/psoc creator/4.4/psoc creator/import/gnu/arm/5.4.1/bin/../lib/gcc/arm-none-eabi/5.4.1/../../../../arm-none-eabi/lib/armv7-m\libc_nano.a
END GROUP
START GROUP
LOAD c:/program files (x86)/cypress/psoc creator/4.4/psoc creator/import/gnu/arm/5.4.1/bin/../lib/gcc/arm-none-eabi/5.4.1/armv7-m\libgcc.a
LOAD c:/program files (x86)/cypress/psoc creator/4.4/psoc creator/import/gnu/arm/5.4.1/bin/../lib/gcc/arm-none-eabi/5.4.1/../../../../arm-none-eabi/lib/armv7-m\libc_nano.a
END GROUP
LOAD c:/program files (x86)/cypress/psoc creator/4.4/psoc creator/import/gnu/arm/5.4.1/bin/../lib/gcc/arm-none-eabi/5.4.1/armv7-m/crtend.o
LOAD c:/program files (x86)/cypress/psoc creator/4.4/psoc creator/import/gnu/arm/5.4.1/bin/../lib/gcc/arm-none-eabi/5.4.1/armv7-m/crtn.o
START GROUP
LOAD c:/program files (x86)/cypress/psoc creator/4.4/psoc creator/import/gnu/arm/5.4.1/bin/../lib/gcc/arm-none-eabi/5.4.1/armv7-m\libgcc.a
LOAD c:/program files (x86)/cypress/psoc creator/4.4/psoc creator/import/gnu/arm/5.4.1/bin/../lib/gcc/arm-none-eabi/5.4.1/../../../../arm-none-eabi/lib/armv7-m\libc.a
LOAD c:/program files (x86)/cypress/psoc creator/4.4/psoc creator/import/gnu/arm/5.4.1/bin/../lib/gcc/arm-none-eabi/5.4.1/../../../../arm-none-eabi/lib/armv7-m\libnosys.a
END GROUP
                0x00000000                CY_APPL_ORIGIN = 0x0
                0x00000100                CY_FLASH_ROW_SIZE = 0x100
                0x00000020                CY_ECC_ROW_SIZE = 0x20
                0x00000000                CY_EE_IN_BTLDR = 0x0
                0x00000000                CY_APPL_LOADABLE = 0x0
                0x00000800                CY_EE_SIZE = 0x800
                0x00000001                CY_APPL_NUM = 0x1
                0x00000001                CY_APPL_MAX = 0x1
                0x00000040                CY_METADATA_SIZE = 0x40
                0x00000000                CY_APPL_LOADABLE = 0x0
                0x00000000                CY_CHECKSUM_EXCLUDE_SIZE = ALIGN (0x0, CY_FLASH_ROW_SIZE)
                [!provide]                PROVIDE (__cy_heap_start, _end)
                0x00000001                PROVIDE (__cy_region_num, ((__cy_regions_end - __cy_regions) / 0x10))
                0x20008000                PROVIDE (__cy_stack, (ORIGIN (ram) + LENGTH (ram)))
                [!provide]                PROVIDE (__cy_heap_end, (__cy_stack - 0x800))

.cybootloader   0x00000000        0x0
 *(.cybootloader)
                0x00000000                appl1_start = CY_APPL_ORIGIN?CY_APPL_ORIGIN:ALIGN (CY_FLASH_ROW_SIZE)
                0x0001ff00                appl2_start = (appl1_start + ALIGN ((((LENGTH (rom) - appl1_start) - (0x2 * CY_FLASH_ROW_SIZE)) / 0x2), CY_FLASH_ROW_SIZE))
                0x00000000                appl_start = (CY_APPL_NUM == 0x1)?appl1_start:appl2_start
                0x00000000                ecc_offset = ((appl_start / CY_FLASH_ROW_SIZE) * CY_ECC_ROW_SIZE)
                0x00000000                ee_offset = (CY_APPL_LOADABLE && ! (CY_EE_IN_BTLDR))?((CY_EE_SIZE / CY_APPL_MAX) * (CY_APPL_NUM - 0x1)):0x0
                0x00000800                ee_size = (CY_APPL_LOADABLE && ! (CY_EE_IN_BTLDR))?(CY_EE_SIZE / CY_APPL_MAX):CY_EE_SIZE
                [!provide]                PROVIDE (CY_ECC_OFFSET, ecc_offset)

.text           0x00000000     0x2b5c
 CREATE_OBJECT_SYMBOLS
                0x00000000                PROVIDE (__cy_interrupt_vector, RomVectors)
 *(.romvectors)
 .romvectors    0x00000000       0x10 .\ARM_GCC_541\Debug\Cm3Start.o
                0x00000000                RomVectors
                0x00000001                ASSERT ((. != __cy_interrupt_vector), No interrupt vector)
                0x00000001                ASSERT (CY_APPL_ORIGIN?(SIZEOF (.cybootloader) <= CY_APPL_ORIGIN):0x1, Wrong image location)
                0x00000010                PROVIDE (__cy_reset, Reset)
 *(.text.Reset)
 .text.Reset    0x00000010       0x18 .\ARM_GCC_541\Debug\Cm3Start.o
                0x00000010                Reset
                0x00000001                ASSERT ((. != __cy_reset), No reset code)
 *(.dma_init)
                0x00000001                ASSERT ((((appl_start + .) <= 0x10000) || 0x1), DMA Init must be within the first 64k of flash)
 *(.text .text.* .gnu.linkonce.t.*)
 .text          0x00000028       0x5c c:/program files (x86)/cypress/psoc creator/4.4/psoc creator/import/gnu/arm/5.4.1/bin/../lib/gcc/arm-none-eabi/5.4.1/armv7-m/crtbegin.o
 .text.main     0x00000084      0x178 .\ARM_GCC_541\Debug\main.o
                0x00000084                main
 .text.DS18B20_Start
                0x000001fc       0x44 .\ARM_GCC_541\Debug\main.o
                0x000001fc                DS18B20_Start
 .text.DS18B20_Write
                0x00000240       0x68 .\ARM_GCC_541\Debug\main.o
                0x00000240                DS18B20_Write
 .text.DS18B20_Read
                0x000002a8       0x64 .\ARM_GCC_541\Debug\main.o
                0x000002a8                DS18B20_Read
 .text.ADC_ISR_Function
                0x0000030c       0x3c .\ARM_GCC_541\Debug\main.o
                0x0000030c                ADC_ISR_Function
 .text.Timer_ISR_Function
                0x00000348       0x6c .\ARM_GCC_541\Debug\main.o
                0x00000348                Timer_ISR_Function
 .text.CYMEMZERO
                0x000003b4       0x1c .\ARM_GCC_541\Debug\cyfitter_cfg.o
 .text.CYCONFIGCPY
                0x000003d0       0x20 .\ARM_GCC_541\Debug\cyfitter_cfg.o
 .text.CyClockStartupError
                0x000003f0        0xc .\ARM_GCC_541\Debug\cyfitter_cfg.o
 .text.cfg_write_bytes32
                0x000003fc       0x74 .\ARM_GCC_541\Debug\cyfitter_cfg.o
 .text.ClockSetup
                0x00000470      0x158 .\ARM_GCC_541\Debug\cyfitter_cfg.o
 .text.AnalogSetDefault
                0x000005c8       0x58 .\ARM_GCC_541\Debug\cyfitter_cfg.o
 .text.ADC_DelSig_1_AMux_Set
                0x00000620       0x40 .\ARM_GCC_541\Debug\cyfitter_cfg.o
                0x00000620                ADC_DelSig_1_AMux_Set
 .text.ADC_DelSig_1_AMux_Unset
                0x00000660       0x44 .\ARM_GCC_541\Debug\cyfitter_cfg.o
                0x00000660                ADC_DelSig_1_AMux_Unset
 .text.cyfitter_cfg
                0x000006a4      0x19c .\ARM_GCC_541\Debug\cyfitter_cfg.o
                0x000006a4                cyfitter_cfg
 .text.IntDefaultHandler
                0x00000840       0x14 .\ARM_GCC_541\Debug\Cm3Start.o
                0x00000840                IntDefaultHandler
 .text._sbrk    0x00000854       0x50 .\ARM_GCC_541\Debug\Cm3Start.o
                0x00000854                _sbrk
 .text.Start_c  0x000008a4       0x98 .\ARM_GCC_541\Debug\Cm3Start.o
                0x000008a4                Start_c
 .text.initialize_psoc
                0x0000093c       0x90 .\ARM_GCC_541\Debug\Cm3Start.o
                0x0000093c                initialize_psoc
 .text.ADC_DelSig_1_Init
                0x000009cc      0x158 .\ARM_GCC_541\Debug\nadimaPSoCOneWire.a(ADC_DelSig_1.o)
                0x000009cc                ADC_DelSig_1_Init
 .text.ADC_DelSig_1_Enable
                0x00000b24      0x154 .\ARM_GCC_541\Debug\nadimaPSoCOneWire.a(ADC_DelSig_1.o)
                0x00000b24                ADC_DelSig_1_Enable
 .text.ADC_DelSig_1_Start
                0x00000c78       0x30 .\ARM_GCC_541\Debug\nadimaPSoCOneWire.a(ADC_DelSig_1.o)
                0x00000c78                ADC_DelSig_1_Start
 .text.ADC_DelSig_1_StartConvert
                0x00000ca8       0x20 .\ARM_GCC_541\Debug\nadimaPSoCOneWire.a(ADC_DelSig_1.o)
                0x00000ca8                ADC_DelSig_1_StartConvert
 .text.ADC_DelSig_1_GetResult16
                0x00000cc8       0x7c .\ARM_GCC_541\Debug\nadimaPSoCOneWire.a(ADC_DelSig_1.o)
                0x00000cc8                ADC_DelSig_1_GetResult16
 .text.ADC_DelSig_1_CountsTo_mVolts
                0x00000d44       0x3c .\ARM_GCC_541\Debug\nadimaPSoCOneWire.a(ADC_DelSig_1.o)
                0x00000d44                ADC_DelSig_1_CountsTo_mVolts
 .text.ADC_DelSig_1_InitConfig
                0x00000d80      0x410 .\ARM_GCC_541\Debug\nadimaPSoCOneWire.a(ADC_DelSig_1.o)
 .text.ADC_DelSig_1_GainCompensation
                0x00001190      0x170 .\ARM_GCC_541\Debug\nadimaPSoCOneWire.a(ADC_DelSig_1.o)
 .text.ADC_DelSig_1_SetDSMRef0Reg
                0x00001300       0x7c .\ARM_GCC_541\Debug\nadimaPSoCOneWire.a(ADC_DelSig_1.o)
 .text.ADC_DelSig_1_ISR1
                0x0000137c        0xc .\ARM_GCC_541\Debug\nadimaPSoCOneWire.a(ADC_DelSig_1_INT.o)
                0x0000137c                ADC_DelSig_1_ISR1
 .text.ADC_DelSig_1_ISR2
                0x00001388        0xc .\ARM_GCC_541\Debug\nadimaPSoCOneWire.a(ADC_DelSig_1_INT.o)
                0x00001388                ADC_DelSig_1_ISR2
 .text.ADC_DelSig_1_ISR3
                0x00001394        0xc .\ARM_GCC_541\Debug\nadimaPSoCOneWire.a(ADC_DelSig_1_INT.o)
                0x00001394                ADC_DelSig_1_ISR3
 .text.ADC_DelSig_1_ISR4
                0x000013a0        0xc .\ARM_GCC_541\Debug\nadimaPSoCOneWire.a(ADC_DelSig_1_INT.o)
                0x000013a0                ADC_DelSig_1_ISR4
 .text.UART_1_Start
                0x000013ac       0x24 .\ARM_GCC_541\Debug\nadimaPSoCOneWire.a(UART_1.o)
                0x000013ac                UART_1_Start
 .text.UART_1_Init
                0x000013d0       0x40 .\ARM_GCC_541\Debug\nadimaPSoCOneWire.a(UART_1.o)
                0x000013d0                UART_1_Init
 .text.UART_1_Enable
                0x00001410       0x60 .\ARM_GCC_541\Debug\nadimaPSoCOneWire.a(UART_1.o)
                0x00001410                UART_1_Enable
 .text.UART_1_PutChar
                0x00001470       0x34 .\ARM_GCC_541\Debug\nadimaPSoCOneWire.a(UART_1.o)
                0x00001470                UART_1_PutChar
 .text.UART_1_PutString
                0x000014a4       0x44 .\ARM_GCC_541\Debug\nadimaPSoCOneWire.a(UART_1.o)
                0x000014a4                UART_1_PutString
 .text.ADC_isr_StartEx
                0x000014e8       0x24 .\ARM_GCC_541\Debug\nadimaPSoCOneWire.a(ADC_isr.o)
                0x000014e8                ADC_isr_StartEx
 .text.ADC_isr_SetVector
                0x0000150c       0x24 .\ARM_GCC_541\Debug\nadimaPSoCOneWire.a(ADC_isr.o)
                0x0000150c                ADC_isr_SetVector
 .text.ADC_isr_SetPriority
                0x00001530       0x24 .\ARM_GCC_541\Debug\nadimaPSoCOneWire.a(ADC_isr.o)
                0x00001530                ADC_isr_SetPriority
 .text.ADC_isr_Enable
                0x00001554       0x18 .\ARM_GCC_541\Debug\nadimaPSoCOneWire.a(ADC_isr.o)
                0x00001554                ADC_isr_Enable
 .text.ADC_isr_Disable
                0x0000156c       0x18 .\ARM_GCC_541\Debug\nadimaPSoCOneWire.a(ADC_isr.o)
                0x0000156c                ADC_isr_Disable
 .text.Timer_Init
                0x00001584       0x4c .\ARM_GCC_541\Debug\nadimaPSoCOneWire.a(Timer.o)
                0x00001584                Timer_Init
 .text.Timer_Enable
                0x000015d0       0x20 .\ARM_GCC_541\Debug\nadimaPSoCOneWire.a(Timer.o)
                0x000015d0                Timer_Enable
 .text.Timer_Start
                0x000015f0       0x24 .\ARM_GCC_541\Debug\nadimaPSoCOneWire.a(Timer.o)
                0x000015f0                Timer_Start
 .text.Timer_SetInterruptMode
                0x00001614       0x20 .\ARM_GCC_541\Debug\nadimaPSoCOneWire.a(Timer.o)
                0x00001614                Timer_SetInterruptMode
 .text.Timer_ReadStatusRegister
                0x00001634       0x18 .\ARM_GCC_541\Debug\nadimaPSoCOneWire.a(Timer.o)
                0x00001634                Timer_ReadStatusRegister
 .text.Timer_WritePeriod
                0x0000164c       0x20 .\ARM_GCC_541\Debug\nadimaPSoCOneWire.a(Timer.o)
                0x0000164c                Timer_WritePeriod
 .text.Timer_ReadCapture
                0x0000166c       0x18 .\ARM_GCC_541\Debug\nadimaPSoCOneWire.a(Timer.o)
                0x0000166c                Timer_ReadCapture
 .text.Timer_WriteCounter
                0x00001684       0x20 .\ARM_GCC_541\Debug\nadimaPSoCOneWire.a(Timer.o)
                0x00001684                Timer_WriteCounter
 .text.Timer_ClearFIFO
                0x000016a4       0x1c .\ARM_GCC_541\Debug\nadimaPSoCOneWire.a(Timer.o)
                0x000016a4                Timer_ClearFIFO
 .text.Timer_isr_StartEx
                0x000016c0       0x24 .\ARM_GCC_541\Debug\nadimaPSoCOneWire.a(Timer_isr.o)
                0x000016c0                Timer_isr_StartEx
 .text.Timer_isr_SetVector
                0x000016e4       0x24 .\ARM_GCC_541\Debug\nadimaPSoCOneWire.a(Timer_isr.o)
                0x000016e4                Timer_isr_SetVector
 .text.Timer_isr_SetPriority
                0x00001708       0x24 .\ARM_GCC_541\Debug\nadimaPSoCOneWire.a(Timer_isr.o)
                0x00001708                Timer_isr_SetPriority
 .text.Timer_isr_Enable
                0x0000172c       0x18 .\ARM_GCC_541\Debug\nadimaPSoCOneWire.a(Timer_isr.o)
                0x0000172c                Timer_isr_Enable
 .text.Timer_isr_Disable
                0x00001744       0x18 .\ARM_GCC_541\Debug\nadimaPSoCOneWire.a(Timer_isr.o)
                0x00001744                Timer_isr_Disable
 .text.ADC_DelSig_1_AMux_Start
                0x0000175c       0x34 .\ARM_GCC_541\Debug\nadimaPSoCOneWire.a(ADC_DelSig_1_AMux.o)
                0x0000175c                ADC_DelSig_1_AMux_Start
 .text.ADC_DelSig_1_AMux_Select
                0x00001790       0x28 .\ARM_GCC_541\Debug\nadimaPSoCOneWire.a(ADC_DelSig_1_AMux.o)
                0x00001790                ADC_DelSig_1_AMux_Select
 .text.ADC_DelSig_1_Ext_CP_Clk_SetDividerRegister
                0x000017b8      0x164 .\ARM_GCC_541\Debug\nadimaPSoCOneWire.a(ADC_DelSig_1_Ext_CP_Clk.o)
                0x000017b8                ADC_DelSig_1_Ext_CP_Clk_SetDividerRegister
 .text.ADC_DelSig_1_Ext_CP_Clk_GetDividerRegister
                0x0000191c       0x18 .\ARM_GCC_541\Debug\nadimaPSoCOneWire.a(ADC_DelSig_1_Ext_CP_Clk.o)
                0x0000191c                ADC_DelSig_1_Ext_CP_Clk_GetDividerRegister
 .text.ADC_DelSig_1_Ext_CP_Clk_SetModeRegister
                0x00001934       0x34 .\ARM_GCC_541\Debug\nadimaPSoCOneWire.a(ADC_DelSig_1_Ext_CP_Clk.o)
                0x00001934                ADC_DelSig_1_Ext_CP_Clk_SetModeRegister
 .text.ADC_DelSig_1_Ext_CP_Clk_GetSourceRegister
                0x00001968       0x1c .\ARM_GCC_541\Debug\nadimaPSoCOneWire.a(ADC_DelSig_1_Ext_CP_Clk.o)
                0x00001968                ADC_DelSig_1_Ext_CP_Clk_GetSourceRegister
 .text.ADC_DelSig_1_theACLK_SetDividerRegister
                0x00001984      0x164 .\ARM_GCC_541\Debug\nadimaPSoCOneWire.a(ADC_DelSig_1_theACLK.o)
                0x00001984                ADC_DelSig_1_theACLK_SetDividerRegister
 .text.ADC_DelSig_1_theACLK_GetDividerRegister
                0x00001ae8       0x18 .\ARM_GCC_541\Debug\nadimaPSoCOneWire.a(ADC_DelSig_1_theACLK.o)
                0x00001ae8                ADC_DelSig_1_theACLK_GetDividerRegister
 .text.ADC_DelSig_1_theACLK_SetModeRegister
                0x00001b00       0x34 .\ARM_GCC_541\Debug\nadimaPSoCOneWire.a(ADC_DelSig_1_theACLK.o)
                0x00001b00                ADC_DelSig_1_theACLK_SetModeRegister
 .text.ADC_DelSig_1_theACLK_GetSourceRegister
                0x00001b34       0x1c .\ARM_GCC_541\Debug\nadimaPSoCOneWire.a(ADC_DelSig_1_theACLK.o)
                0x00001b34                ADC_DelSig_1_theACLK_GetSourceRegister
 .text.UART_1_IntClock_Start
                0x00001b50       0x34 .\ARM_GCC_541\Debug\nadimaPSoCOneWire.a(UART_1_IntClock.o)
                0x00001b50                UART_1_IntClock_Start
 .text.CyHalt   0x00001b84       0x18 .\ARM_GCC_541\Debug\nadimaPSoCOneWire.a(CyLib.o)
                0x00001b84                CyHalt
 .text.CyDelay  0x00001b9c       0x44 .\ARM_GCC_541\Debug\nadimaPSoCOneWire.a(CyLib.o)
                0x00001b9c                CyDelay
 .text.CyDelayUs
                0x00001be0       0x28 .\ARM_GCC_541\Debug\nadimaPSoCOneWire.a(CyLib.o)
                0x00001be0                CyDelayUs
 .text.CyIntSetVector
                0x00001c08       0x50 .\ARM_GCC_541\Debug\nadimaPSoCOneWire.a(CyLib.o)
                0x00001c08                CyIntSetVector
 .text.CyIntSetPriority
                0x00001c58       0x48 .\ARM_GCC_541\Debug\nadimaPSoCOneWire.a(CyLib.o)
                0x00001c58                CyIntSetPriority
 .text.OneWire_Write
                0x00001ca0       0x3c .\ARM_GCC_541\Debug\nadimaPSoCOneWire.a(OneWire.o)
                0x00001ca0                OneWire_Write
 .text.OneWire_SetDriveMode
                0x00001cdc       0x3c .\ARM_GCC_541\Debug\nadimaPSoCOneWire.a(OneWire.o)
                0x00001cdc                OneWire_SetDriveMode
 .text.OneWire_Read
                0x00001d18       0x20 .\ARM_GCC_541\Debug\nadimaPSoCOneWire.a(OneWire.o)
                0x00001d18                OneWire_Read
 .text          0x00001d38       0x54 .\ARM_GCC_541\Debug\nadimaPSoCOneWire.a(CyBootAsmGnu.o)
                0x00001d38                CyDelayCycles
                0x00001d76                CyEnterCriticalSection
                0x00001d7e                CyExitCriticalSection
 .text          0x00001d8c      0x21c c:/program files (x86)/cypress/psoc creator/4.4/psoc creator/import/gnu/arm/5.4.1/bin/../lib/gcc/arm-none-eabi/5.4.1/armv7-m\libgcc.a(_arm_addsubsf3.o)
                0x00001d8c                __aeabi_frsub
                0x00001d94                __subsf3
                0x00001d94                __aeabi_fsub
                0x00001d98                __aeabi_fadd
                0x00001d98                __addsf3
                0x00001ef8                __aeabi_ui2f
                0x00001ef8                __floatunsisf
                0x00001f00                __aeabi_i2f
                0x00001f00                __floatsisf
                0x00001f1c                __aeabi_ul2f
                0x00001f1c                __floatundisf
                0x00001f2c                __aeabi_l2f
                0x00001f2c                __floatdisf
 .text          0x00001fa8      0x2a0 c:/program files (x86)/cypress/psoc creator/4.4/psoc creator/import/gnu/arm/5.4.1/bin/../lib/gcc/arm-none-eabi/5.4.1/armv7-m\libgcc.a(_arm_muldivsf3.o)
                0x00001fa8                __mulsf3
                0x00001fa8                __aeabi_fmul
                0x00002110                __aeabi_fdiv
                0x00002110                __divsf3
 .text          0x00002248       0x4c c:/program files (x86)/cypress/psoc creator/4.4/psoc creator/import/gnu/arm/5.4.1/bin/../lib/gcc/arm-none-eabi/5.4.1/armv7-m\libgcc.a(_arm_fixsfsi.o)
                0x00002248                __aeabi_f2iz
                0x00002248                __fixsfsi
 .text.__errno  0x00002294        0xc c:/program files (x86)/cypress/psoc creator/4.4/psoc creator/import/gnu/arm/5.4.1/bin/../lib/gcc/arm-none-eabi/5.4.1/../../../../arm-none-eabi/lib/armv7-m\libg_nano.a(lib_a-errno.o)
                0x00002294                __errno
 .text.__libc_init_array
                0x000022a0       0x4c c:/program files (x86)/cypress/psoc creator/4.4/psoc creator/import/gnu/arm/5.4.1/bin/../lib/gcc/arm-none-eabi/5.4.1/../../../../arm-none-eabi/lib/armv7-m\libg_nano.a(lib_a-init.o)
                0x000022a0                __libc_init_array
 .text.memcpy   0x000022ec       0x16 c:/program files (x86)/cypress/psoc creator/4.4/psoc creator/import/gnu/arm/5.4.1/bin/../lib/gcc/arm-none-eabi/5.4.1/../../../../arm-none-eabi/lib/armv7-m\libg_nano.a(lib_a-memcpy-stub.o)
                0x000022ec                memcpy
 .text.memset   0x00002302       0x10 c:/program files (x86)/cypress/psoc creator/4.4/psoc creator/import/gnu/arm/5.4.1/bin/../lib/gcc/arm-none-eabi/5.4.1/../../../../arm-none-eabi/lib/armv7-m\libg_nano.a(lib_a-memset.o)
                0x00002302                memset
 *fill*         0x00002312        0x2 
 .text.sprintf  0x00002314       0x48 c:/program files (x86)/cypress/psoc creator/4.4/psoc creator/import/gnu/arm/5.4.1/bin/../lib/gcc/arm-none-eabi/5.4.1/../../../../arm-none-eabi/lib/armv7-m\libg_nano.a(lib_a-sprintf.o)
                0x00002314                siprintf
                0x00002314                sprintf
 .text.__ssputs_r
                0x0000235c       0xb2 c:/program files (x86)/cypress/psoc creator/4.4/psoc creator/import/gnu/arm/5.4.1/bin/../lib/gcc/arm-none-eabi/5.4.1/../../../../arm-none-eabi/lib/armv7-m\libg_nano.a(lib_a-nano-svfprintf.o)
                0x0000235c                __ssputs_r
 *fill*         0x0000240e        0x2 
 .text._svfprintf_r
                0x00002410      0x1e8 c:/program files (x86)/cypress/psoc creator/4.4/psoc creator/import/gnu/arm/5.4.1/bin/../lib/gcc/arm-none-eabi/5.4.1/../../../../arm-none-eabi/lib/armv7-m\libg_nano.a(lib_a-nano-svfprintf.o)
                0x00002410                _svfiprintf_r
                0x00002410                _svfprintf_r
 .text._printf_common
                0x000025f8       0xec c:/program files (x86)/cypress/psoc creator/4.4/psoc creator/import/gnu/arm/5.4.1/bin/../lib/gcc/arm-none-eabi/5.4.1/../../../../arm-none-eabi/lib/armv7-m\libg_nano.a(lib_a-nano-vfprintf_i.o)
                0x000025f8                _printf_common
 .text._printf_i
                0x000026e4      0x24c c:/program files (x86)/cypress/psoc creator/4.4/psoc creator/import/gnu/arm/5.4.1/bin/../lib/gcc/arm-none-eabi/5.4.1/../../../../arm-none-eabi/lib/armv7-m\libg_nano.a(lib_a-nano-vfprintf_i.o)
                0x000026e4                _printf_i
 .text.memchr   0x00002930       0x1c c:/program files (x86)/cypress/psoc creator/4.4/psoc creator/import/gnu/arm/5.4.1/bin/../lib/gcc/arm-none-eabi/5.4.1/../../../../arm-none-eabi/lib/armv7-m\libg_nano.a(lib_a-memchr-stub.o)
                0x00002930                memchr
 .text.memmove  0x0000294c       0x36 c:/program files (x86)/cypress/psoc creator/4.4/psoc creator/import/gnu/arm/5.4.1/bin/../lib/gcc/arm-none-eabi/5.4.1/../../../../arm-none-eabi/lib/armv7-m\libg_nano.a(lib_a-memmove.o)
                0x0000294c                memmove
 *fill*         0x00002982        0x2 
 .text._free_r  0x00002984       0x98 c:/program files (x86)/cypress/psoc creator/4.4/psoc creator/import/gnu/arm/5.4.1/bin/../lib/gcc/arm-none-eabi/5.4.1/../../../../arm-none-eabi/lib/armv7-m\libg_nano.a(lib_a-nano-freer.o)
                0x00002984                _free_r
 .text._malloc_r
                0x00002a1c       0xbc c:/program files (x86)/cypress/psoc creator/4.4/psoc creator/import/gnu/arm/5.4.1/bin/../lib/gcc/arm-none-eabi/5.4.1/../../../../arm-none-eabi/lib/armv7-m\libg_nano.a(lib_a-nano-mallocr.o)
                0x00002a1c                _malloc_r
 .text._realloc_r
                0x00002ad8       0x4c c:/program files (x86)/cypress/psoc creator/4.4/psoc creator/import/gnu/arm/5.4.1/bin/../lib/gcc/arm-none-eabi/5.4.1/../../../../arm-none-eabi/lib/armv7-m\libg_nano.a(lib_a-nano-reallocr.o)
                0x00002ad8                _realloc_r
 .text._sbrk_r  0x00002b24       0x20 c:/program files (x86)/cypress/psoc creator/4.4/psoc creator/import/gnu/arm/5.4.1/bin/../lib/gcc/arm-none-eabi/5.4.1/../../../../arm-none-eabi/lib/armv7-m\libg_nano.a(lib_a-sbrkr.o)
                0x00002b24                _sbrk_r
 .text.__malloc_lock
                0x00002b44        0x2 c:/program files (x86)/cypress/psoc creator/4.4/psoc creator/import/gnu/arm/5.4.1/bin/../lib/gcc/arm-none-eabi/5.4.1/../../../../arm-none-eabi/lib/armv7-m\libg_nano.a(lib_a-mlock.o)
                0x00002b44                __malloc_lock
 .text.__malloc_unlock
                0x00002b46        0x2 c:/program files (x86)/cypress/psoc creator/4.4/psoc creator/import/gnu/arm/5.4.1/bin/../lib/gcc/arm-none-eabi/5.4.1/../../../../arm-none-eabi/lib/armv7-m\libg_nano.a(lib_a-mlock.o)
                0x00002b46                __malloc_unlock
 .text._malloc_usable_size_r
                0x00002b48       0x14 c:/program files (x86)/cypress/psoc creator/4.4/psoc creator/import/gnu/arm/5.4.1/bin/../lib/gcc/arm-none-eabi/5.4.1/../../../../arm-none-eabi/lib/armv7-m\libg_nano.a(lib_a-nano-msizer.o)
                0x00002b48                _malloc_usable_size_r
 *(.plt)
 *(.gnu.warning)
 *(.glue_7t)
 .glue_7t       0x00002b5c        0x0 linker stubs
 *(.glue_7)
 .glue_7        0x00002b5c        0x0 linker stubs
 *(.vfp11_veneer)
 .vfp11_veneer  0x00002b5c        0x0 linker stubs
 *(.bootloader)
 *(.ARM.extab* .gnu.linkonce.armextab.*)
 *(.gcc_except_table)

.v4_bx          0x00002b5c        0x0
 .v4_bx         0x00002b5c        0x0 linker stubs

.iplt           0x00002b5c        0x0
 .iplt          0x00002b5c        0x0 c:/program files (x86)/cypress/psoc creator/4.4/psoc creator/import/gnu/arm/5.4.1/bin/../lib/gcc/arm-none-eabi/5.4.1/armv7-m/crtbegin.o

.eh_frame_hdr
 *(.eh_frame_hdr)

.eh_frame       0x00002b5c        0x4
 *(.eh_frame)
 .eh_frame      0x00002b5c        0x0 c:/program files (x86)/cypress/psoc creator/4.4/psoc creator/import/gnu/arm/5.4.1/bin/../lib/gcc/arm-none-eabi/5.4.1/armv7-m/crtbegin.o
 .eh_frame      0x00002b5c        0x4 c:/program files (x86)/cypress/psoc creator/4.4/psoc creator/import/gnu/arm/5.4.1/bin/../lib/gcc/arm-none-eabi/5.4.1/armv7-m/crtend.o
                [!provide]                PROVIDE (__exidx_start, .)

.ARM.exidx
 *(.ARM.exidx* .gnu.linkonce.armexidx.*)
                0x00002b60                __exidx_end = .

.rodata         0x00002b60       0xf8
 *(.rodata .rodata.* .gnu.linkonce.r.*)
 .rodata        0x00002b60       0x3a .\ARM_GCC_541\Debug\main.o
 *fill*         0x00002b9a        0x2 
 .rodata        0x00002b9c       0x50 .\ARM_GCC_541\Debug\cyfitter_cfg.o
                0x00002b9c                ADC_DelSig_1_AMux__addrTable
                0x00002ba4                ADC_DelSig_1_AMux__maskTable
 .rodata.str1.1
                0x00002bec        0x2 c:/program files (x86)/cypress/psoc creator/4.4/psoc creator/import/gnu/arm/5.4.1/bin/../lib/gcc/arm-none-eabi/5.4.1/../../../../arm-none-eabi/lib/armv7-m\libg_nano.a(lib_a-impure.o)
 .rodata.str1.1
                0x00002bee       0x11 c:/program files (x86)/cypress/psoc creator/4.4/psoc creator/import/gnu/arm/5.4.1/bin/../lib/gcc/arm-none-eabi/5.4.1/../../../../arm-none-eabi/lib/armv7-m\libg_nano.a(lib_a-nano-svfprintf.o)
 .rodata.str1.1
                0x00002bff       0x22 c:/program files (x86)/cypress/psoc creator/4.4/psoc creator/import/gnu/arm/5.4.1/bin/../lib/gcc/arm-none-eabi/5.4.1/../../../../arm-none-eabi/lib/armv7-m\libg_nano.a(lib_a-nano-vfprintf_i.o)
                0x00002c24                . = ALIGN (0x4)
 *fill*         0x00002c21        0x3 
 *(.init)
 .init          0x00002c24        0x4 c:/program files (x86)/cypress/psoc creator/4.4/psoc creator/import/gnu/arm/5.4.1/bin/../lib/gcc/arm-none-eabi/5.4.1/armv7-m/crti.o
                0x00002c24                _init
 .init          0x00002c28        0x8 c:/program files (x86)/cypress/psoc creator/4.4/psoc creator/import/gnu/arm/5.4.1/bin/../lib/gcc/arm-none-eabi/5.4.1/armv7-m/crtn.o
                0x00002c30                . = ALIGN (0x4)
                0x00002c30                __preinit_array_start = .
 *(.preinit_array)
                0x00002c30                __preinit_array_end = .
                0x00002c30                . = ALIGN (0x4)
                0x00002c30                __init_array_start = .
 *(SORT(.init_array.*))
 *(.init_array)
 .init_array    0x00002c30        0x4 c:/program files (x86)/cypress/psoc creator/4.4/psoc creator/import/gnu/arm/5.4.1/bin/../lib/gcc/arm-none-eabi/5.4.1/armv7-m/crtbegin.o
 .init_array    0x00002c34        0x4 .\ARM_GCC_541\Debug\Cm3Start.o
                0x00002c38                __init_array_end = .
                0x00002c38                . = ALIGN (0x4)
 *(.fini)
 .fini          0x00002c38        0x4 c:/program files (x86)/cypress/psoc creator/4.4/psoc creator/import/gnu/arm/5.4.1/bin/../lib/gcc/arm-none-eabi/5.4.1/armv7-m/crti.o
                0x00002c38                _fini
 .fini          0x00002c3c        0x8 c:/program files (x86)/cypress/psoc creator/4.4/psoc creator/import/gnu/arm/5.4.1/bin/../lib/gcc/arm-none-eabi/5.4.1/armv7-m/crtn.o
                0x00002c44                . = ALIGN (0x4)
                0x00002c44                __fini_array_start = .
 *(.fini_array)
 .fini_array    0x00002c44        0x4 c:/program files (x86)/cypress/psoc creator/4.4/psoc creator/import/gnu/arm/5.4.1/bin/../lib/gcc/arm-none-eabi/5.4.1/armv7-m/crtbegin.o
 *(SORT(.fini_array.*))
                0x00002c48                __fini_array_end = .
                0x00002c48                . = ALIGN (0x4)
 *crtbegin.o(.ctors)
 *(EXCLUDE_FILE(*crtend.o) .ctors)
 *(SORT(.ctors.*))
 *crtend.o(.ctors)
                0x00002c48                . = ALIGN (0x4)
 *crtbegin.o(.dtors)
 *(EXCLUDE_FILE(*crtend.o) .dtors)
 *(SORT(.dtors.*))
 *crtend.o(.dtors)
                0x00002c48                . = ALIGN (0x4)
                0x00002c48                __cy_regions = .
                0x00002c48        0x4 LONG 0x2c58 __cy_region_init_ram
                0x00002c4c        0x4 LONG 0x1fff80c8 __cy_region_start_data
                0x00002c50        0x4 LONG 0x80 __cy_region_init_size_ram
                0x00002c54        0x4 LONG 0xa0 __cy_region_zero_size_ram
                0x00002c58                __cy_regions_end = .
                0x00002c58                . = ALIGN (0x8)
                0x00002c58                _etext = .

.cy_checksum_exclude
                0x00002c58        0x0
 *(.cy_checksum_exclude)

.ramvectors     0x1fff8000       0xc0
                0x1fff8000                __cy_region_start_ram = .
 *(.ramvectors)
 .ramvectors    0x1fff8000       0xc0 .\ARM_GCC_541\Debug\Cm3Start.o
                0x1fff8000                CyRamVectors

.noinit         0x1fff80c0        0x5
 *(.noinit)
 .noinit        0x1fff80c0        0x4 .\ARM_GCC_541\Debug\Cm3Start.o
 .noinit        0x1fff80c4        0x1 .\ARM_GCC_541\Debug\nadimaPSoCOneWire.a(CyLib.o)
                0x1fff80c4                CyResetStatus

.data           0x1fff80c8       0x80 load address 0x00002c58
                0x1fff80c8                __cy_region_start_data = .
 *(.jcr)
 .jcr           0x1fff80c8        0x0 c:/program files (x86)/cypress/psoc creator/4.4/psoc creator/import/gnu/arm/5.4.1/bin/../lib/gcc/arm-none-eabi/5.4.1/armv7-m/crtbegin.o
 .jcr           0x1fff80c8        0x4 c:/program files (x86)/cypress/psoc creator/4.4/psoc creator/import/gnu/arm/5.4.1/bin/../lib/gcc/arm-none-eabi/5.4.1/armv7-m/crtend.o
 *(.got.plt)
 *(.got)
 *(.shdata)
 *(.data .data.* .gnu.linkonce.d.*)
 .data          0x1fff80cc        0x4 .\ARM_GCC_541\Debug\Cm3Start.o
 .data          0x1fff80d0        0x1 .\ARM_GCC_541\Debug\nadimaPSoCOneWire.a(ADC_DelSig_1.o)
                0x1fff80d0                ADC_DelSig_1_Config
 .data          0x1fff80d1        0x1 .\ARM_GCC_541\Debug\nadimaPSoCOneWire.a(ADC_DelSig_1_AMux.o)
 *fill*         0x1fff80d2        0x2 
 .data          0x1fff80d4       0x10 .\ARM_GCC_541\Debug\nadimaPSoCOneWire.a(CyLib.o)
                0x1fff80d4                cydelay_freq_hz
                0x1fff80d8                cydelay_freq_khz
                0x1fff80dc                cydelay_freq_mhz
                0x1fff80e0                cydelay_32k_ms
 .data.impure_data
                0x1fff80e4       0x60 c:/program files (x86)/cypress/psoc creator/4.4/psoc creator/import/gnu/arm/5.4.1/bin/../lib/gcc/arm-none-eabi/5.4.1/../../../../arm-none-eabi/lib/armv7-m\libg_nano.a(lib_a-impure.o)
 .data._impure_ptr
                0x1fff8144        0x4 c:/program files (x86)/cypress/psoc creator/4.4/psoc creator/import/gnu/arm/5.4.1/bin/../lib/gcc/arm-none-eabi/5.4.1/../../../../arm-none-eabi/lib/armv7-m\libg_nano.a(lib_a-impure.o)
                0x1fff8144                _impure_ptr
                0x1fff8148                . = ALIGN (0x8)
 *(.ram)
                0x1fff8148                _edata = .

.igot.plt       0x1fff8148        0x0 load address 0x00002cd8
 .igot.plt      0x1fff8148        0x0 c:/program files (x86)/cypress/psoc creator/4.4/psoc creator/import/gnu/arm/5.4.1/bin/../lib/gcc/arm-none-eabi/5.4.1/armv7-m/crtbegin.o

.bss            0x1fff8148       0xa0 load address 0x00002cd8
                0x1fff8148                PROVIDE (__bss_start__, .)
 *(.shbss)
 *(.bss .bss.* .gnu.linkonce.b.*)
 .bss           0x1fff8148       0x1c c:/program files (x86)/cypress/psoc creator/4.4/psoc creator/import/gnu/arm/5.4.1/bin/../lib/gcc/arm-none-eabi/5.4.1/armv7-m/crtbegin.o
 .bss           0x1fff8164       0x11 .\ARM_GCC_541\Debug\main.o
                0x1fff8164                sum_of_voltage
                0x1fff8168                count
                0x1fff816c                send_data
                0x1fff8170                Tempreture
                0x1fff8174                Presence
 *fill*         0x1fff8175        0x3 
 .bss           0x1fff8178       0x18 .\ARM_GCC_541\Debug\nadimaPSoCOneWire.a(ADC_DelSig_1.o)
                0x1fff8178                ADC_DelSig_1_convDone
                0x1fff8179                ADC_DelSig_1_stopConversion
                0x1fff817a                ADC_DelSig_1_initVar
                0x1fff817b                ADC_DelSig_1_started
                0x1fff817c                ADC_DelSig_1_Offset
 .bss           0x1fff8190        0x2 .\ARM_GCC_541\Debug\nadimaPSoCOneWire.a(UART_1.o)
                0x1fff8190                UART_1_initVar
 .bss           0x1fff8192        0x1 .\ARM_GCC_541\Debug\nadimaPSoCOneWire.a(Timer.o)
                0x1fff8192                Timer_initVar
 *fill*         0x1fff8193        0x1 
 .bss.__malloc_sbrk_start
                0x1fff8194        0x4 c:/program files (x86)/cypress/psoc creator/4.4/psoc creator/import/gnu/arm/5.4.1/bin/../lib/gcc/arm-none-eabi/5.4.1/../../../../arm-none-eabi/lib/armv7-m\libg_nano.a(lib_a-nano-mallocr.o)
                0x1fff8194                __malloc_sbrk_start
 .bss.__malloc_free_list
                0x1fff8198        0x4 c:/program files (x86)/cypress/psoc creator/4.4/psoc creator/import/gnu/arm/5.4.1/bin/../lib/gcc/arm-none-eabi/5.4.1/../../../../arm-none-eabi/lib/armv7-m\libg_nano.a(lib_a-nano-mallocr.o)
                0x1fff8198                __malloc_free_list
 *(COMMON)
 COMMON         0x1fff819c       0x3d .\ARM_GCC_541\Debug\main.o
                0x1fff819c                TransmitBuffer
                0x1fff81ba                Rh_byte1
                0x1fff81bc                current_tempreture
                0x1fff81c0                RH
                0x1fff81c2                TEMP
                0x1fff81c4                voltage
                0x1fff81c8                Temp_byte1
                0x1fff81ca                SUM
                0x1fff81cc                Temp_byte2
                0x1fff81d0                retByte_buffer
 *fill*         0x1fff81d9        0x3 
 COMMON         0x1fff81dc        0x4 .\ARM_GCC_541\Debug\nadimaPSoCOneWire.a(ADC_DelSig_1.o)
                0x1fff81dc                ADC_DelSig_1_CountsPerVolt
 COMMON         0x1fff81e0        0x4 c:/program files (x86)/cypress/psoc creator/4.4/psoc creator/import/gnu/arm/5.4.1/bin/../lib/gcc/arm-none-eabi/5.4.1/../../../../arm-none-eabi/lib/armv7-m\libg_nano.a(lib_a-reent.o)
                0x1fff81e0                errno
                0x1fff81e8                . = ALIGN (0x8)
 *fill*         0x1fff81e4        0x4 
 *(.ram.b)
                0x1fff81e8                _end = .
                0x1fff81e8                __end = .
                0x1fff81e8                PROVIDE (end, .)
                0x1fff81e8                PROVIDE (__bss_end__, .)
                0x00002c58                __cy_region_init_ram = LOADADDR (.data)
                0x00000080                __cy_region_init_size_ram = (_edata - ADDR (.data))
                0x000000a0                __cy_region_zero_size_ram = (_end - _edata)

.heap           0x1fff81e8       0x80 load address 0x00002cd8
                0x1fff81e8                . = _end
                0x1fff8268                . = (. + 0x80)
 *fill*         0x1fff81e8       0x80 
                0x1fff8268                __cy_heap_limit = .

.stack          0x20007800      0x800
                0x20007800                __cy_stack_limit = .
                0x20008000                . = (. + 0x800)
 *fill*         0x20007800      0x800 
                0x00000001                ASSERT ((__cy_stack_limit >= __cy_heap_limit), region RAM overflowed with stack)
                0x00000000                cy_checksum_exclude_size = (CY_APPL_LOADABLE == 0x1)?SIZEOF (.cy_checksum_exclude):0x0
                0x00000001                ASSERT ((cy_checksum_exclude_size <= CY_CHECKSUM_EXCLUDE_SIZE), CY_BOOT: Section .cy_checksum_exclude size exceedes specified limit.)

.cyloadermeta
 *(.cyloadermeta)

.cyloadablemeta
 *(.cyloadablemeta)

.cyconfigecc    0x80000000      0x568
 *(.cyconfigecc)
 .cyconfigecc   0x80000000      0x568 .\ARM_GCC_541\Debug\cymetadata.o
                0x80000000                cy_meta_configecc

.cycustnvl      0x90000000        0x4
 *(.cycustnvl)
 .cycustnvl     0x90000000        0x4 .\ARM_GCC_541\Debug\cymetadata.o
                0x90000000                cy_meta_custnvl

.cywolatch      0x90100000        0x4
 *(.cywolatch)
 .cywolatch     0x90100000        0x4 .\ARM_GCC_541\Debug\cymetadata.o
                0x90100000                cy_meta_wonvl

.cyeeprom       0x90200000        0x0
 *(.cyeeprom)
                0x00000001                ASSERT ((. <= ((0x90200000 + ee_offset) + ee_size)), .cyeeprom data will not fit in EEPROM)

.cyflashprotect
                0x90400000      0x100
 *(.cyflashprotect)
 .cyflashprotect
                0x90400000      0x100 .\ARM_GCC_541\Debug\cymetadata.o
                0x90400000                cy_meta_flashprotect

.cymeta         0x90500000        0xc
 *(.cymeta)
 .cymeta        0x90500000        0xc .\ARM_GCC_541\Debug\cymetadata.o
                0x90500000                cy_metadata

.rel.dyn        0x00002cd8        0x0 load address 0x9050000c
 .rel.iplt      0x00002cd8        0x0 c:/program files (x86)/cypress/psoc creator/4.4/psoc creator/import/gnu/arm/5.4.1/bin/../lib/gcc/arm-none-eabi/5.4.1/armv7-m/crtbegin.o

.stab
 *(.stab)

.stabstr
 *(.stabstr)

.debug
 *(.debug)

.line
 *(.line)

.debug_srcinfo
 *(.debug_srcinfo)

.debug_sfnames
 *(.debug_sfnames)

.debug_aranges  0x00000000      0xae0
 *(.debug_aranges)
 .debug_aranges
                0x00000000       0x48 .\ARM_GCC_541\Debug\main.o
 .debug_aranges
                0x00000048       0x70 .\ARM_GCC_541\Debug\cyfitter_cfg.o
 .debug_aranges
                0x000000b8       0x18 .\ARM_GCC_541\Debug\cymetadata.o
 .debug_aranges
                0x000000d0       0x48 .\ARM_GCC_541\Debug\Cm3Start.o
 .debug_aranges
                0x00000118       0xe8 .\ARM_GCC_541\Debug\nadimaPSoCOneWire.a(ADC_DelSig_1.o)
 .debug_aranges
                0x00000200       0x38 .\ARM_GCC_541\Debug\nadimaPSoCOneWire.a(ADC_DelSig_1_INT.o)
 .debug_aranges
                0x00000238       0xf0 .\ARM_GCC_541\Debug\nadimaPSoCOneWire.a(UART_1.o)
 .debug_aranges
                0x00000328       0x80 .\ARM_GCC_541\Debug\nadimaPSoCOneWire.a(ADC_isr.o)
 .debug_aranges
                0x000003a8       0x90 .\ARM_GCC_541\Debug\nadimaPSoCOneWire.a(Timer.o)
 .debug_aranges
                0x00000438       0x80 .\ARM_GCC_541\Debug\nadimaPSoCOneWire.a(Timer_isr.o)
 .debug_aranges
                0x000004b8       0x30 .\ARM_GCC_541\Debug\nadimaPSoCOneWire.a(ADC_DelSig_1_AMux.o)
 .debug_aranges
                0x000004e8       0x70 .\ARM_GCC_541\Debug\nadimaPSoCOneWire.a(ADC_DelSig_1_Ext_CP_Clk.o)
 .debug_aranges
                0x00000558       0x80 .\ARM_GCC_541\Debug\nadimaPSoCOneWire.a(ADC_DelSig_1_theACLK.o)
 .debug_aranges
                0x000005d8       0x70 .\ARM_GCC_541\Debug\nadimaPSoCOneWire.a(UART_1_IntClock.o)
 .debug_aranges
                0x00000648      0x2a0 .\ARM_GCC_541\Debug\nadimaPSoCOneWire.a(CyLib.o)
 .debug_aranges
                0x000008e8       0x98 .\ARM_GCC_541\Debug\nadimaPSoCOneWire.a(cyPm.o)
 .debug_aranges
                0x00000980       0x38 .\ARM_GCC_541\Debug\nadimaPSoCOneWire.a(OneWire.o)
 .debug_aranges
                0x000009b8       0x20 .\ARM_GCC_541\Debug\nadimaPSoCOneWire.a(CyBootAsmGnu.o)
 .debug_aranges
                0x000009d8       0x88 .\ARM_GCC_541\Debug\nadimaPSoCOneWire.a(CyFlash.o)
 .debug_aranges
                0x00000a60       0x80 .\ARM_GCC_541\Debug\nadimaPSoCOneWire.a(CySpc.o)

.debug_pubnames
 *(.debug_pubnames)

.debug_info     0x00000000     0x46b9
 *(.debug_info .gnu.linkonce.wi.*)
 .debug_info    0x00000000      0x315 .\ARM_GCC_541\Debug\main.o
 .debug_info    0x00000315      0x500 .\ARM_GCC_541\Debug\cyfitter_cfg.o
 .debug_info    0x00000815      0x136 .\ARM_GCC_541\Debug\cymetadata.o
 .debug_info    0x0000094b      0x32b .\ARM_GCC_541\Debug\Cm3Start.o
 .debug_info    0x00000c76      0x72c .\ARM_GCC_541\Debug\nadimaPSoCOneWire.a(ADC_DelSig_1.o)
 .debug_info    0x000013a2       0xd3 .\ARM_GCC_541\Debug\nadimaPSoCOneWire.a(ADC_DelSig_1_INT.o)
 .debug_info    0x00001475      0x50a .\ARM_GCC_541\Debug\nadimaPSoCOneWire.a(UART_1.o)
 .debug_info    0x0000197f      0x241 .\ARM_GCC_541\Debug\nadimaPSoCOneWire.a(ADC_isr.o)
 .debug_info    0x00001bc0      0x25b .\ARM_GCC_541\Debug\nadimaPSoCOneWire.a(Timer.o)
 .debug_info    0x00001e1b      0x241 .\ARM_GCC_541\Debug\nadimaPSoCOneWire.a(Timer_isr.o)
 .debug_info    0x0000205c      0x10a .\ARM_GCC_541\Debug\nadimaPSoCOneWire.a(ADC_DelSig_1_AMux.o)
 .debug_info    0x00002166      0x25d .\ARM_GCC_541\Debug\nadimaPSoCOneWire.a(ADC_DelSig_1_Ext_CP_Clk.o)
 .debug_info    0x000023c3      0x299 .\ARM_GCC_541\Debug\nadimaPSoCOneWire.a(ADC_DelSig_1_theACLK.o)
 .debug_info    0x0000265c      0x25d .\ARM_GCC_541\Debug\nadimaPSoCOneWire.a(UART_1_IntClock.o)
 .debug_info    0x000028b9      0xe51 .\ARM_GCC_541\Debug\nadimaPSoCOneWire.a(CyLib.o)
 .debug_info    0x0000370a      0x57a .\ARM_GCC_541\Debug\nadimaPSoCOneWire.a(cyPm.o)
 .debug_info    0x00003c84      0x11e .\ARM_GCC_541\Debug\nadimaPSoCOneWire.a(OneWire.o)
 .debug_info    0x00003da2       0x9e .\ARM_GCC_541\Debug\nadimaPSoCOneWire.a(CyBootAsmGnu.o)
 .debug_info    0x00003e40      0x3b9 .\ARM_GCC_541\Debug\nadimaPSoCOneWire.a(CyFlash.o)
 .debug_info    0x000041f9      0x4c0 .\ARM_GCC_541\Debug\nadimaPSoCOneWire.a(CySpc.o)

.debug_abbrev   0x00000000     0x171b
 *(.debug_abbrev)
 .debug_abbrev  0x00000000      0x12a .\ARM_GCC_541\Debug\main.o
 .debug_abbrev  0x0000012a      0x1ca .\ARM_GCC_541\Debug\cyfitter_cfg.o
 .debug_abbrev  0x000002f4       0x77 .\ARM_GCC_541\Debug\cymetadata.o
 .debug_abbrev  0x0000036b      0x1d6 .\ARM_GCC_541\Debug\Cm3Start.o
 .debug_abbrev  0x00000541      0x19d .\ARM_GCC_541\Debug\nadimaPSoCOneWire.a(ADC_DelSig_1.o)
 .debug_abbrev  0x000006de       0x42 .\ARM_GCC_541\Debug\nadimaPSoCOneWire.a(ADC_DelSig_1_INT.o)
 .debug_abbrev  0x00000720      0x163 .\ARM_GCC_541\Debug\nadimaPSoCOneWire.a(UART_1.o)
 .debug_abbrev  0x00000883      0x172 .\ARM_GCC_541\Debug\nadimaPSoCOneWire.a(ADC_isr.o)
 .debug_abbrev  0x000009f5      0x11b .\ARM_GCC_541\Debug\nadimaPSoCOneWire.a(Timer.o)
 .debug_abbrev  0x00000b10      0x172 .\ARM_GCC_541\Debug\nadimaPSoCOneWire.a(Timer_isr.o)
 .debug_abbrev  0x00000c82       0x6f .\ARM_GCC_541\Debug\nadimaPSoCOneWire.a(ADC_DelSig_1_AMux.o)
 .debug_abbrev  0x00000cf1      0x11d .\ARM_GCC_541\Debug\nadimaPSoCOneWire.a(ADC_DelSig_1_Ext_CP_Clk.o)
 .debug_abbrev  0x00000e0e      0x11d .\ARM_GCC_541\Debug\nadimaPSoCOneWire.a(ADC_DelSig_1_theACLK.o)
 .debug_abbrev  0x00000f2b      0x11d .\ARM_GCC_541\Debug\nadimaPSoCOneWire.a(UART_1_IntClock.o)
 .debug_abbrev  0x00001048      0x217 .\ARM_GCC_541\Debug\nadimaPSoCOneWire.a(CyLib.o)
 .debug_abbrev  0x0000125f      0x161 .\ARM_GCC_541\Debug\nadimaPSoCOneWire.a(cyPm.o)
 .debug_abbrev  0x000013c0       0x90 .\ARM_GCC_541\Debug\nadimaPSoCOneWire.a(OneWire.o)
 .debug_abbrev  0x00001450       0x14 .\ARM_GCC_541\Debug\nadimaPSoCOneWire.a(CyBootAsmGnu.o)
 .debug_abbrev  0x00001464      0x14b .\ARM_GCC_541\Debug\nadimaPSoCOneWire.a(CyFlash.o)
 .debug_abbrev  0x000015af      0x16c .\ARM_GCC_541\Debug\nadimaPSoCOneWire.a(CySpc.o)

.debug_line     0x00000000     0x2a51
 *(.debug_line)
 .debug_line    0x00000000      0x22c .\ARM_GCC_541\Debug\main.o
 .debug_line    0x0000022c      0x24b .\ARM_GCC_541\Debug\cyfitter_cfg.o
 .debug_line    0x00000477      0x141 .\ARM_GCC_541\Debug\cymetadata.o
 .debug_line    0x000005b8      0x1dc .\ARM_GCC_541\Debug\Cm3Start.o
 .debug_line    0x00000794      0x3da .\ARM_GCC_541\Debug\nadimaPSoCOneWire.a(ADC_DelSig_1.o)
 .debug_line    0x00000b6e       0x95 .\ARM_GCC_541\Debug\nadimaPSoCOneWire.a(ADC_DelSig_1_INT.o)
 .debug_line    0x00000c03      0x2e4 .\ARM_GCC_541\Debug\nadimaPSoCOneWire.a(UART_1.o)
 .debug_line    0x00000ee7      0x152 .\ARM_GCC_541\Debug\nadimaPSoCOneWire.a(ADC_isr.o)
 .debug_line    0x00001039      0x16e .\ARM_GCC_541\Debug\nadimaPSoCOneWire.a(Timer.o)
 .debug_line    0x000011a7      0x144 .\ARM_GCC_541\Debug\nadimaPSoCOneWire.a(Timer_isr.o)
 .debug_line    0x000012eb       0xa6 .\ARM_GCC_541\Debug\nadimaPSoCOneWire.a(ADC_DelSig_1_AMux.o)
 .debug_line    0x00001391      0x1b6 .\ARM_GCC_541\Debug\nadimaPSoCOneWire.a(ADC_DelSig_1_Ext_CP_Clk.o)
 .debug_line    0x00001547      0x1d7 .\ARM_GCC_541\Debug\nadimaPSoCOneWire.a(ADC_DelSig_1_theACLK.o)
 .debug_line    0x0000171e      0x1ae .\ARM_GCC_541\Debug\nadimaPSoCOneWire.a(UART_1_IntClock.o)
 .debug_line    0x000018cc      0x883 .\ARM_GCC_541\Debug\nadimaPSoCOneWire.a(CyLib.o)
 .debug_line    0x0000214f      0x38e .\ARM_GCC_541\Debug\nadimaPSoCOneWire.a(cyPm.o)
 .debug_line    0x000024dd       0x97 .\ARM_GCC_541\Debug\nadimaPSoCOneWire.a(OneWire.o)
 .debug_line    0x00002574       0x7d .\ARM_GCC_541\Debug\nadimaPSoCOneWire.a(CyBootAsmGnu.o)
 .debug_line    0x000025f1      0x22f .\ARM_GCC_541\Debug\nadimaPSoCOneWire.a(CyFlash.o)
 .debug_line    0x00002820      0x231 .\ARM_GCC_541\Debug\nadimaPSoCOneWire.a(CySpc.o)

.debug_frame    0x00000000     0x2f7c
 *(.debug_frame)
 .debug_frame   0x00000000       0xf4 .\ARM_GCC_541\Debug\main.o
 .debug_frame   0x000000f4      0x1bc .\ARM_GCC_541\Debug\cyfitter_cfg.o
 .debug_frame   0x000002b0       0xd8 .\ARM_GCC_541\Debug\Cm3Start.o
 .debug_frame   0x00000388      0x40c .\ARM_GCC_541\Debug\nadimaPSoCOneWire.a(ADC_DelSig_1.o)
 .debug_frame   0x00000794       0xa0 .\ARM_GCC_541\Debug\nadimaPSoCOneWire.a(ADC_DelSig_1_INT.o)
 .debug_frame   0x00000834      0x42c .\ARM_GCC_541\Debug\nadimaPSoCOneWire.a(UART_1.o)
 .debug_frame   0x00000c60      0x1e8 .\ARM_GCC_541\Debug\nadimaPSoCOneWire.a(ADC_isr.o)
 .debug_frame   0x00000e48      0x230 .\ARM_GCC_541\Debug\nadimaPSoCOneWire.a(Timer.o)
 .debug_frame   0x00001078      0x1e8 .\ARM_GCC_541\Debug\nadimaPSoCOneWire.a(Timer_isr.o)
 .debug_frame   0x00001260       0x88 .\ARM_GCC_541\Debug\nadimaPSoCOneWire.a(ADC_DelSig_1_AMux.o)
 .debug_frame   0x000012e8      0x1b4 .\ARM_GCC_541\Debug\nadimaPSoCOneWire.a(ADC_DelSig_1_Ext_CP_Clk.o)
 .debug_frame   0x0000149c      0x200 .\ARM_GCC_541\Debug\nadimaPSoCOneWire.a(ADC_DelSig_1_theACLK.o)
 .debug_frame   0x0000169c      0x1b4 .\ARM_GCC_541\Debug\nadimaPSoCOneWire.a(UART_1_IntClock.o)
 .debug_frame   0x00001850      0xc0c .\ARM_GCC_541\Debug\nadimaPSoCOneWire.a(CyLib.o)
 .debug_frame   0x0000245c      0x234 .\ARM_GCC_541\Debug\nadimaPSoCOneWire.a(cyPm.o)
 .debug_frame   0x00002690       0xa8 .\ARM_GCC_541\Debug\nadimaPSoCOneWire.a(OneWire.o)
 .debug_frame   0x00002738      0x238 .\ARM_GCC_541\Debug\nadimaPSoCOneWire.a(CyFlash.o)
 .debug_frame   0x00002970      0x228 .\ARM_GCC_541\Debug\nadimaPSoCOneWire.a(CySpc.o)
 .debug_frame   0x00002b98       0x20 c:/program files (x86)/cypress/psoc creator/4.4/psoc creator/import/gnu/arm/5.4.1/bin/../lib/gcc/arm-none-eabi/5.4.1/../../../../arm-none-eabi/lib/armv7-m\libg_nano.a(lib_a-errno.o)
 .debug_frame   0x00002bb8       0x28 c:/program files (x86)/cypress/psoc creator/4.4/psoc creator/import/gnu/arm/5.4.1/bin/../lib/gcc/arm-none-eabi/5.4.1/../../../../arm-none-eabi/lib/armv7-m\libg_nano.a(lib_a-exit.o)
 .debug_frame   0x00002be0       0x2c c:/program files (x86)/cypress/psoc creator/4.4/psoc creator/import/gnu/arm/5.4.1/bin/../lib/gcc/arm-none-eabi/5.4.1/../../../../arm-none-eabi/lib/armv7-m\libg_nano.a(lib_a-init.o)
 .debug_frame   0x00002c0c       0x28 c:/program files (x86)/cypress/psoc creator/4.4/psoc creator/import/gnu/arm/5.4.1/bin/../lib/gcc/arm-none-eabi/5.4.1/../../../../arm-none-eabi/lib/armv7-m\libg_nano.a(lib_a-memcpy-stub.o)
 .debug_frame   0x00002c34       0x20 c:/program files (x86)/cypress/psoc creator/4.4/psoc creator/import/gnu/arm/5.4.1/bin/../lib/gcc/arm-none-eabi/5.4.1/../../../../arm-none-eabi/lib/armv7-m\libg_nano.a(lib_a-memset.o)
 .debug_frame   0x00002c54       0x70 c:/program files (x86)/cypress/psoc creator/4.4/psoc creator/import/gnu/arm/5.4.1/bin/../lib/gcc/arm-none-eabi/5.4.1/../../../../arm-none-eabi/lib/armv7-m\libg_nano.a(lib_a-sprintf.o)
 .debug_frame   0x00002cc4       0x90 c:/program files (x86)/cypress/psoc creator/4.4/psoc creator/import/gnu/arm/5.4.1/bin/../lib/gcc/arm-none-eabi/5.4.1/../../../../arm-none-eabi/lib/armv7-m\libg_nano.a(lib_a-nano-svfprintf.o)
 .debug_frame   0x00002d54       0x60 c:/program files (x86)/cypress/psoc creator/4.4/psoc creator/import/gnu/arm/5.4.1/bin/../lib/gcc/arm-none-eabi/5.4.1/../../../../arm-none-eabi/lib/armv7-m\libg_nano.a(lib_a-nano-vfprintf_i.o)
 .debug_frame   0x00002db4       0x28 c:/program files (x86)/cypress/psoc creator/4.4/psoc creator/import/gnu/arm/5.4.1/bin/../lib/gcc/arm-none-eabi/5.4.1/../../../../arm-none-eabi/lib/armv7-m\libg_nano.a(lib_a-memchr-stub.o)
 .debug_frame   0x00002ddc       0x28 c:/program files (x86)/cypress/psoc creator/4.4/psoc creator/import/gnu/arm/5.4.1/bin/../lib/gcc/arm-none-eabi/5.4.1/../../../../arm-none-eabi/lib/armv7-m\libg_nano.a(lib_a-memmove.o)
 .debug_frame   0x00002e04       0x38 c:/program files (x86)/cypress/psoc creator/4.4/psoc creator/import/gnu/arm/5.4.1/bin/../lib/gcc/arm-none-eabi/5.4.1/../../../../arm-none-eabi/lib/armv7-m\libg_nano.a(lib_a-nano-freer.o)
 .debug_frame   0x00002e3c       0x2c c:/program files (x86)/cypress/psoc creator/4.4/psoc creator/import/gnu/arm/5.4.1/bin/../lib/gcc/arm-none-eabi/5.4.1/../../../../arm-none-eabi/lib/armv7-m\libg_nano.a(lib_a-nano-mallocr.o)
 .debug_frame   0x00002e68       0x3c c:/program files (x86)/cypress/psoc creator/4.4/psoc creator/import/gnu/arm/5.4.1/bin/../lib/gcc/arm-none-eabi/5.4.1/../../../../arm-none-eabi/lib/armv7-m\libg_nano.a(lib_a-nano-reallocr.o)
 .debug_frame   0x00002ea4       0x2c c:/program files (x86)/cypress/psoc creator/4.4/psoc creator/import/gnu/arm/5.4.1/bin/../lib/gcc/arm-none-eabi/5.4.1/../../../../arm-none-eabi/lib/armv7-m\libg_nano.a(lib_a-sbrkr.o)
 .debug_frame   0x00002ed0       0x30 c:/program files (x86)/cypress/psoc creator/4.4/psoc creator/import/gnu/arm/5.4.1/bin/../lib/gcc/arm-none-eabi/5.4.1/../../../../arm-none-eabi/lib/armv7-m\libg_nano.a(lib_a-mlock.o)
 .debug_frame   0x00002f00       0x20 c:/program files (x86)/cypress/psoc creator/4.4/psoc creator/import/gnu/arm/5.4.1/bin/../lib/gcc/arm-none-eabi/5.4.1/../../../../arm-none-eabi/lib/armv7-m\libg_nano.a(lib_a-nano-msizer.o)
 .debug_frame   0x00002f20       0x5c c:/program files (x86)/cypress/psoc creator/4.4/psoc creator/import/gnu/arm/5.4.1/bin/../lib/gcc/arm-none-eabi/5.4.1/../../../../arm-none-eabi/lib/armv7-m\libg_nano.a(lib_a-reent.o)

.debug_str      0x00000000     0x259a
 *(.debug_str)
 .debug_str     0x00000000      0x290 .\ARM_GCC_541\Debug\main.o
                                0x2f6 (size before relaxing)
 .debug_str     0x00000290      0x207 .\ARM_GCC_541\Debug\cyfitter_cfg.o
                                0x3b6 (size before relaxing)
 .debug_str     0x00000497       0x75 .\ARM_GCC_541\Debug\cymetadata.o
                                0x1f2 (size before relaxing)
 .debug_str     0x0000050c      0x123 .\ARM_GCC_541\Debug\Cm3Start.o
                                0x2e5 (size before relaxing)
 .debug_str     0x0000062f      0x436 .\ARM_GCC_541\Debug\nadimaPSoCOneWire.a(ADC_DelSig_1.o)
                                0x631 (size before relaxing)
 .debug_str     0x00000a65       0x72 .\ARM_GCC_541\Debug\nadimaPSoCOneWire.a(ADC_DelSig_1_INT.o)
                                0x1fb (size before relaxing)
 .debug_str     0x00000ad7      0x2a1 .\ARM_GCC_541\Debug\nadimaPSoCOneWire.a(UART_1.o)
                                0x469 (size before relaxing)
 .debug_str     0x00000d78      0x11a .\ARM_GCC_541\Debug\nadimaPSoCOneWire.a(ADC_isr.o)
                                0x2d0 (size before relaxing)
 .debug_str     0x00000e92      0x173 .\ARM_GCC_541\Debug\nadimaPSoCOneWire.a(Timer.o)
                                0x31c (size before relaxing)
 .debug_str     0x00001005      0x11e .\ARM_GCC_541\Debug\nadimaPSoCOneWire.a(Timer_isr.o)
                                0x2ec (size before relaxing)
 .debug_str     0x00001123       0x9c .\ARM_GCC_541\Debug\nadimaPSoCOneWire.a(ADC_DelSig_1_AMux.o)
                                0x21e (size before relaxing)
 .debug_str     0x000011bf      0x220 .\ARM_GCC_541\Debug\nadimaPSoCOneWire.a(ADC_DelSig_1_Ext_CP_Clk.o)
                                0x3bc (size before relaxing)
 .debug_str     0x000013df      0x208 .\ARM_GCC_541\Debug\nadimaPSoCOneWire.a(ADC_DelSig_1_theACLK.o)
                                0x3ed (size before relaxing)
 .debug_str     0x000015e7      0x177 .\ARM_GCC_541\Debug\nadimaPSoCOneWire.a(UART_1_IntClock.o)
                                0x35c (size before relaxing)
 .debug_str     0x0000175e      0x7df .\ARM_GCC_541\Debug\nadimaPSoCOneWire.a(CyLib.o)
                                0x9f8 (size before relaxing)
 .debug_str     0x00001f3d      0x371 .\ARM_GCC_541\Debug\nadimaPSoCOneWire.a(cyPm.o)
                                0x551 (size before relaxing)
 .debug_str     0x000022ae       0x70 .\ARM_GCC_541\Debug\nadimaPSoCOneWire.a(OneWire.o)
                                0x1fa (size before relaxing)
 .debug_str     0x0000231e      0x14f .\ARM_GCC_541\Debug\nadimaPSoCOneWire.a(CyFlash.o)
                                0x315 (size before relaxing)
 .debug_str     0x0000246d      0x12d .\ARM_GCC_541\Debug\nadimaPSoCOneWire.a(CySpc.o)
                                0x30f (size before relaxing)

.debug_loc
 *(.debug_loc)

.debug_macinfo
 *(.debug_macinfo)

.debug_ranges   0x00000000      0x988
 *(.debug_ranges)
 .debug_ranges  0x00000000       0x38 .\ARM_GCC_541\Debug\main.o
 .debug_ranges  0x00000038       0x60 .\ARM_GCC_541\Debug\cyfitter_cfg.o
 .debug_ranges  0x00000098       0x38 .\ARM_GCC_541\Debug\Cm3Start.o
 .debug_ranges  0x000000d0       0xd8 .\ARM_GCC_541\Debug\nadimaPSoCOneWire.a(ADC_DelSig_1.o)
 .debug_ranges  0x000001a8       0x28 .\ARM_GCC_541\Debug\nadimaPSoCOneWire.a(ADC_DelSig_1_INT.o)
 .debug_ranges  0x000001d0       0xe0 .\ARM_GCC_541\Debug\nadimaPSoCOneWire.a(UART_1.o)
 .debug_ranges  0x000002b0       0x70 .\ARM_GCC_541\Debug\nadimaPSoCOneWire.a(ADC_isr.o)
 .debug_ranges  0x00000320       0x80 .\ARM_GCC_541\Debug\nadimaPSoCOneWire.a(Timer.o)
 .debug_ranges  0x000003a0       0x70 .\ARM_GCC_541\Debug\nadimaPSoCOneWire.a(Timer_isr.o)
 .debug_ranges  0x00000410       0x20 .\ARM_GCC_541\Debug\nadimaPSoCOneWire.a(ADC_DelSig_1_AMux.o)
 .debug_ranges  0x00000430       0x60 .\ARM_GCC_541\Debug\nadimaPSoCOneWire.a(ADC_DelSig_1_Ext_CP_Clk.o)
 .debug_ranges  0x00000490       0x70 .\ARM_GCC_541\Debug\nadimaPSoCOneWire.a(ADC_DelSig_1_theACLK.o)
 .debug_ranges  0x00000500       0x60 .\ARM_GCC_541\Debug\nadimaPSoCOneWire.a(UART_1_IntClock.o)
 .debug_ranges  0x00000560      0x290 .\ARM_GCC_541\Debug\nadimaPSoCOneWire.a(CyLib.o)
 .debug_ranges  0x000007f0       0x88 .\ARM_GCC_541\Debug\nadimaPSoCOneWire.a(cyPm.o)
 .debug_ranges  0x00000878       0x28 .\ARM_GCC_541\Debug\nadimaPSoCOneWire.a(OneWire.o)
 .debug_ranges  0x000008a0       0x78 .\ARM_GCC_541\Debug\nadimaPSoCOneWire.a(CyFlash.o)
 .debug_ranges  0x00000918       0x70 .\ARM_GCC_541\Debug\nadimaPSoCOneWire.a(CySpc.o)

.comment        0x00000000       0x6e
 .comment       0x00000000       0x6e .\ARM_GCC_541\Debug\main.o
                                 0x6f (size before relaxing)
 .comment       0x0000006e       0x6f .\ARM_GCC_541\Debug\cyfitter_cfg.o
 .comment       0x0000006e       0x6f .\ARM_GCC_541\Debug\cymetadata.o
 .comment       0x0000006e       0x6f .\ARM_GCC_541\Debug\Cm3Start.o
 .comment       0x0000006e       0x6f .\ARM_GCC_541\Debug\nadimaPSoCOneWire.a(ADC_DelSig_1.o)
 .comment       0x0000006e       0x6f .\ARM_GCC_541\Debug\nadimaPSoCOneWire.a(ADC_DelSig_1_INT.o)
 .comment       0x0000006e       0x6f .\ARM_GCC_541\Debug\nadimaPSoCOneWire.a(UART_1.o)
 .comment       0x0000006e       0x6f .\ARM_GCC_541\Debug\nadimaPSoCOneWire.a(ADC_isr.o)
 .comment       0x0000006e       0x6f .\ARM_GCC_541\Debug\nadimaPSoCOneWire.a(Timer.o)
 .comment       0x0000006e       0x6f .\ARM_GCC_541\Debug\nadimaPSoCOneWire.a(Timer_isr.o)
 .comment       0x0000006e       0x6f .\ARM_GCC_541\Debug\nadimaPSoCOneWire.a(ADC_DelSig_1_AMux.o)
 .comment       0x0000006e       0x6f .\ARM_GCC_541\Debug\nadimaPSoCOneWire.a(ADC_DelSig_1_Ext_CP_Clk.o)
 .comment       0x0000006e       0x6f .\ARM_GCC_541\Debug\nadimaPSoCOneWire.a(ADC_DelSig_1_theACLK.o)
 .comment       0x0000006e       0x6f .\ARM_GCC_541\Debug\nadimaPSoCOneWire.a(UART_1_IntClock.o)
 .comment       0x0000006e       0x6f .\ARM_GCC_541\Debug\nadimaPSoCOneWire.a(CyLib.o)
 .comment       0x0000006e       0x6f .\ARM_GCC_541\Debug\nadimaPSoCOneWire.a(cyPm.o)
 .comment       0x0000006e       0x6f .\ARM_GCC_541\Debug\nadimaPSoCOneWire.a(OneWire.o)
 .comment       0x0000006e       0x6f .\ARM_GCC_541\Debug\nadimaPSoCOneWire.a(CyFlash.o)
 .comment       0x0000006e       0x6f .\ARM_GCC_541\Debug\nadimaPSoCOneWire.a(CySpc.o)

.debug_weaknames
 *(.debug_weaknames)

.debug_funcnames
 *(.debug_funcnames)

.debug_typenames
 *(.debug_typenames)

.debug_varnames
 *(.debug_varnames)

.note.gnu.arm.ident
 *(.note.gnu.arm.ident)

.ARM.attributes
                0x00000000       0x29
 *(.ARM.attributes)
 .ARM.attributes
                0x00000000       0x1d c:/program files (x86)/cypress/psoc creator/4.4/psoc creator/import/gnu/arm/5.4.1/bin/../lib/gcc/arm-none-eabi/5.4.1/armv7-m/crti.o
 .ARM.attributes
                0x0000001d       0x2d c:/program files (x86)/cypress/psoc creator/4.4/psoc creator/import/gnu/arm/5.4.1/bin/../lib/gcc/arm-none-eabi/5.4.1/armv7-m/crtbegin.o
 .ARM.attributes
                0x0000004a       0x1b c:/program files (x86)/cypress/psoc creator/4.4/psoc creator/import/gnu/arm/5.4.1/bin/../lib/gcc/arm-none-eabi/5.4.1/../../../../arm-none-eabi/lib/armv7-m/crt0.o
 .ARM.attributes
                0x00000065       0x33 .\ARM_GCC_541\Debug\main.o
 .ARM.attributes
                0x00000098       0x33 .\ARM_GCC_541\Debug\cyfitter_cfg.o
 .ARM.attributes
                0x000000cb       0x33 .\ARM_GCC_541\Debug\cymetadata.o
 .ARM.attributes
                0x000000fe       0x33 .\ARM_GCC_541\Debug\Cm3Start.o
 .ARM.attributes
                0x00000131       0x33 .\ARM_GCC_541\Debug\nadimaPSoCOneWire.a(ADC_DelSig_1.o)
 .ARM.attributes
                0x00000164       0x33 .\ARM_GCC_541\Debug\nadimaPSoCOneWire.a(ADC_DelSig_1_INT.o)
 .ARM.attributes
                0x00000197       0x33 .\ARM_GCC_541\Debug\nadimaPSoCOneWire.a(UART_1.o)
 .ARM.attributes
                0x000001ca       0x33 .\ARM_GCC_541\Debug\nadimaPSoCOneWire.a(ADC_isr.o)
 .ARM.attributes
                0x000001fd       0x33 .\ARM_GCC_541\Debug\nadimaPSoCOneWire.a(Timer.o)
 .ARM.attributes
                0x00000230       0x33 .\ARM_GCC_541\Debug\nadimaPSoCOneWire.a(Timer_isr.o)
 .ARM.attributes
                0x00000263       0x33 .\ARM_GCC_541\Debug\nadimaPSoCOneWire.a(ADC_DelSig_1_AMux.o)
 .ARM.attributes
                0x00000296       0x33 .\ARM_GCC_541\Debug\nadimaPSoCOneWire.a(ADC_DelSig_1_Ext_CP_Clk.o)
 .ARM.attributes
                0x000002c9       0x33 .\ARM_GCC_541\Debug\nadimaPSoCOneWire.a(ADC_DelSig_1_theACLK.o)
 .ARM.attributes
                0x000002fc       0x33 .\ARM_GCC_541\Debug\nadimaPSoCOneWire.a(UART_1_IntClock.o)
 .ARM.attributes
                0x0000032f       0x33 .\ARM_GCC_541\Debug\nadimaPSoCOneWire.a(CyLib.o)
 .ARM.attributes
                0x00000362       0x33 .\ARM_GCC_541\Debug\nadimaPSoCOneWire.a(cyPm.o)
 .ARM.attributes
                0x00000395       0x33 .\ARM_GCC_541\Debug\nadimaPSoCOneWire.a(OneWire.o)
 .ARM.attributes
                0x000003c8       0x21 .\ARM_GCC_541\Debug\nadimaPSoCOneWire.a(CyBootAsmGnu.o)
 .ARM.attributes
                0x000003e9       0x33 .\ARM_GCC_541\Debug\nadimaPSoCOneWire.a(CyFlash.o)
 .ARM.attributes
                0x0000041c       0x33 .\ARM_GCC_541\Debug\nadimaPSoCOneWire.a(CySpc.o)
 .ARM.attributes
                0x0000044f       0x1d c:/program files (x86)/cypress/psoc creator/4.4/psoc creator/import/gnu/arm/5.4.1/bin/../lib/gcc/arm-none-eabi/5.4.1/armv7-m\libgcc.a(_arm_addsubdf3.o)
 .ARM.attributes
                0x0000046c       0x1d c:/program files (x86)/cypress/psoc creator/4.4/psoc creator/import/gnu/arm/5.4.1/bin/../lib/gcc/arm-none-eabi/5.4.1/armv7-m\libgcc.a(_arm_cmpdf2.o)
 .ARM.attributes
                0x00000489       0x1d c:/program files (x86)/cypress/psoc creator/4.4/psoc creator/import/gnu/arm/5.4.1/bin/../lib/gcc/arm-none-eabi/5.4.1/armv7-m\libgcc.a(_arm_addsubsf3.o)
 .ARM.attributes
                0x000004a6       0x1d c:/program files (x86)/cypress/psoc creator/4.4/psoc creator/import/gnu/arm/5.4.1/bin/../lib/gcc/arm-none-eabi/5.4.1/armv7-m\libgcc.a(_arm_muldivsf3.o)
 .ARM.attributes
                0x000004c3       0x1d c:/program files (x86)/cypress/psoc creator/4.4/psoc creator/import/gnu/arm/5.4.1/bin/../lib/gcc/arm-none-eabi/5.4.1/armv7-m\libgcc.a(_arm_fixsfsi.o)
 .ARM.attributes
                0x000004e0       0x1d c:/program files (x86)/cypress/psoc creator/4.4/psoc creator/import/gnu/arm/5.4.1/bin/../lib/gcc/arm-none-eabi/5.4.1/armv7-m\libgcc.a(_arm_fixunssfsi.o)
 .ARM.attributes
                0x000004fd       0x2d c:/program files (x86)/cypress/psoc creator/4.4/psoc creator/import/gnu/arm/5.4.1/bin/../lib/gcc/arm-none-eabi/5.4.1/../../../../arm-none-eabi/lib/armv7-m\libg_nano.a(lib_a-errno.o)
 .ARM.attributes
                0x0000052a       0x2d c:/program files (x86)/cypress/psoc creator/4.4/psoc creator/import/gnu/arm/5.4.1/bin/../lib/gcc/arm-none-eabi/5.4.1/../../../../arm-none-eabi/lib/armv7-m\libg_nano.a(lib_a-exit.o)
 .ARM.attributes
                0x00000557       0x2d c:/program files (x86)/cypress/psoc creator/4.4/psoc creator/import/gnu/arm/5.4.1/bin/../lib/gcc/arm-none-eabi/5.4.1/../../../../arm-none-eabi/lib/armv7-m\libg_nano.a(lib_a-impure.o)
 .ARM.attributes
                0x00000584       0x2d c:/program files (x86)/cypress/psoc creator/4.4/psoc creator/import/gnu/arm/5.4.1/bin/../lib/gcc/arm-none-eabi/5.4.1/../../../../arm-none-eabi/lib/armv7-m\libg_nano.a(lib_a-init.o)
 .ARM.attributes
                0x000005b1       0x2d c:/program files (x86)/cypress/psoc creator/4.4/psoc creator/import/gnu/arm/5.4.1/bin/../lib/gcc/arm-none-eabi/5.4.1/../../../../arm-none-eabi/lib/armv7-m\libg_nano.a(lib_a-memcpy-stub.o)
 .ARM.attributes
                0x000005de       0x2d c:/program files (x86)/cypress/psoc creator/4.4/psoc creator/import/gnu/arm/5.4.1/bin/../lib/gcc/arm-none-eabi/5.4.1/../../../../arm-none-eabi/lib/armv7-m\libg_nano.a(lib_a-memset.o)
 .ARM.attributes
                0x0000060b       0x2d c:/program files (x86)/cypress/psoc creator/4.4/psoc creator/import/gnu/arm/5.4.1/bin/../lib/gcc/arm-none-eabi/5.4.1/../../../../arm-none-eabi/lib/armv7-m\libg_nano.a(lib_a-sprintf.o)
 .ARM.attributes
                0x00000638       0x2d c:/program files (x86)/cypress/psoc creator/4.4/psoc creator/import/gnu/arm/5.4.1/bin/../lib/gcc/arm-none-eabi/5.4.1/../../../../arm-none-eabi/lib/armv7-m\libg_nano.a(lib_a-nano-svfprintf.o)
 .ARM.attributes
                0x00000665       0x2d c:/program files (x86)/cypress/psoc creator/4.4/psoc creator/import/gnu/arm/5.4.1/bin/../lib/gcc/arm-none-eabi/5.4.1/../../../../arm-none-eabi/lib/armv7-m\libg_nano.a(lib_a-nano-vfprintf_i.o)
 .ARM.attributes
                0x00000692       0x2d c:/program files (x86)/cypress/psoc creator/4.4/psoc creator/import/gnu/arm/5.4.1/bin/../lib/gcc/arm-none-eabi/5.4.1/../../../../arm-none-eabi/lib/armv7-m\libg_nano.a(lib_a-memchr-stub.o)
 .ARM.attributes
                0x000006bf       0x2d c:/program files (x86)/cypress/psoc creator/4.4/psoc creator/import/gnu/arm/5.4.1/bin/../lib/gcc/arm-none-eabi/5.4.1/../../../../arm-none-eabi/lib/armv7-m\libg_nano.a(lib_a-memmove.o)
 .ARM.attributes
                0x000006ec       0x2d c:/program files (x86)/cypress/psoc creator/4.4/psoc creator/import/gnu/arm/5.4.1/bin/../lib/gcc/arm-none-eabi/5.4.1/../../../../arm-none-eabi/lib/armv7-m\libg_nano.a(lib_a-nano-freer.o)
 .ARM.attributes
                0x00000719       0x2d c:/program files (x86)/cypress/psoc creator/4.4/psoc creator/import/gnu/arm/5.4.1/bin/../lib/gcc/arm-none-eabi/5.4.1/../../../../arm-none-eabi/lib/armv7-m\libg_nano.a(lib_a-nano-mallocr.o)
 .ARM.attributes
                0x00000746       0x2d c:/program files (x86)/cypress/psoc creator/4.4/psoc creator/import/gnu/arm/5.4.1/bin/../lib/gcc/arm-none-eabi/5.4.1/../../../../arm-none-eabi/lib/armv7-m\libg_nano.a(lib_a-nano-reallocr.o)
 .ARM.attributes
                0x00000773       0x2d c:/program files (x86)/cypress/psoc creator/4.4/psoc creator/import/gnu/arm/5.4.1/bin/../lib/gcc/arm-none-eabi/5.4.1/../../../../arm-none-eabi/lib/armv7-m\libg_nano.a(lib_a-sbrkr.o)
 .ARM.attributes
                0x000007a0       0x2d c:/program files (x86)/cypress/psoc creator/4.4/psoc creator/import/gnu/arm/5.4.1/bin/../lib/gcc/arm-none-eabi/5.4.1/../../../../arm-none-eabi/lib/armv7-m\libg_nano.a(lib_a-mlock.o)
 .ARM.attributes
                0x000007cd       0x2d c:/program files (x86)/cypress/psoc creator/4.4/psoc creator/import/gnu/arm/5.4.1/bin/../lib/gcc/arm-none-eabi/5.4.1/../../../../arm-none-eabi/lib/armv7-m\libg_nano.a(lib_a-nano-msizer.o)
 .ARM.attributes
                0x000007fa       0x2d c:/program files (x86)/cypress/psoc creator/4.4/psoc creator/import/gnu/arm/5.4.1/bin/../lib/gcc/arm-none-eabi/5.4.1/../../../../arm-none-eabi/lib/armv7-m\libg_nano.a(lib_a-reent.o)
 .ARM.attributes
                0x00000827       0x2d c:/program files (x86)/cypress/psoc creator/4.4/psoc creator/import/gnu/arm/5.4.1/bin/../lib/gcc/arm-none-eabi/5.4.1/armv7-m/crtend.o
 .ARM.attributes
                0x00000854       0x1d c:/program files (x86)/cypress/psoc creator/4.4/psoc creator/import/gnu/arm/5.4.1/bin/../lib/gcc/arm-none-eabi/5.4.1/armv7-m/crtn.o

/DISCARD/
 *(.note.GNU-stack)
OUTPUT(C:\Users\iamna\Documents\PSoC Creator\nadimaPSoCOneWire\nadimaPSoCOneWire.cydsn\ARM_GCC_541\Debug\nadimaPSoCOneWire.elf elf32-littlearm)
