Archive member included to satisfy reference by file (symbol)

.\ARM_GCC_541\Debug\nadimaPSoCDAQ.a(ADC_DelSig_1.o)
                              .\ARM_GCC_541\Debug\main.o (ADC_DelSig_1_Start)
.\ARM_GCC_541\Debug\nadimaPSoCDAQ.a(ADC_DelSig_1_INT.o)
                              .\ARM_GCC_541\Debug\nadimaPSoCDAQ.a(ADC_DelSig_1.o) (ADC_DelSig_1_ISR1)
.\ARM_GCC_541\Debug\nadimaPSoCDAQ.a(UART_1.o)
                              .\ARM_GCC_541\Debug\main.o (UART_1_Start)
.\ARM_GCC_541\Debug\nadimaPSoCDAQ.a(ADC_DelSig_1_AMux.o)
                              .\ARM_GCC_541\Debug\nadimaPSoCDAQ.a(ADC_DelSig_1.o) (ADC_DelSig_1_AMux_Select)
.\ARM_GCC_541\Debug\nadimaPSoCDAQ.a(ADC_DelSig_1_Ext_CP_Clk.o)
                              .\ARM_GCC_541\Debug\nadimaPSoCDAQ.a(ADC_DelSig_1.o) (ADC_DelSig_1_Ext_CP_Clk_SetDividerRegister)
.\ARM_GCC_541\Debug\nadimaPSoCDAQ.a(ADC_DelSig_1_theACLK.o)
                              .\ARM_GCC_541\Debug\nadimaPSoCDAQ.a(ADC_DelSig_1.o) (ADC_DelSig_1_theACLK_SetDividerRegister)
.\ARM_GCC_541\Debug\nadimaPSoCDAQ.a(UART_1_IntClock.o)
                              .\ARM_GCC_541\Debug\nadimaPSoCDAQ.a(UART_1.o) (UART_1_IntClock_Start)
.\ARM_GCC_541\Debug\nadimaPSoCDAQ.a(CyLib.o)
                              .\ARM_GCC_541\Debug\Cm3Start.o (CyResetStatus)
.\ARM_GCC_541\Debug\nadimaPSoCDAQ.a(cyPm.o)
                              .\ARM_GCC_541\Debug\nadimaPSoCDAQ.a(CyLib.o) (CyPmReadStatus)
.\ARM_GCC_541\Debug\nadimaPSoCDAQ.a(ADC_isr.o)
                              .\ARM_GCC_541\Debug\main.o (ADC_isr_Disable)
.\ARM_GCC_541\Debug\nadimaPSoCDAQ.a(Timer.o)
                              .\ARM_GCC_541\Debug\main.o (Timer_Start)
.\ARM_GCC_541\Debug\nadimaPSoCDAQ.a(Timer_isr.o)
                              .\ARM_GCC_541\Debug\main.o (Timer_isr_StartEx)
.\ARM_GCC_541\Debug\nadimaPSoCDAQ.a(CyBootAsmGnu.o)
                              .\ARM_GCC_541\Debug\cyfitter_cfg.o (CyDelayCycles)
.\ARM_GCC_541\Debug\nadimaPSoCDAQ.a(CyFlash.o)
                              .\ARM_GCC_541\Debug\nadimaPSoCDAQ.a(cyPm.o) (CyFlash_SetWaitCycles)
.\ARM_GCC_541\Debug\nadimaPSoCDAQ.a(CySpc.o)
                              .\ARM_GCC_541\Debug\nadimaPSoCDAQ.a(CyFlash.o) (CySpcStart)
c:/program files (x86)/cypress/psoc creator/4.4/psoc creator/import/gnu/arm/5.4.1/bin/../lib/gcc/arm-none-eabi/5.4.1/armv7-m\libgcc.a(_arm_addsubdf3.o)
                              .\ARM_GCC_541\Debug\main.o (__aeabi_f2d)
c:/program files (x86)/cypress/psoc creator/4.4/psoc creator/import/gnu/arm/5.4.1/bin/../lib/gcc/arm-none-eabi/5.4.1/armv7-m\libgcc.a(_arm_cmpdf2.o)
                              .\ARM_GCC_541\Debug\nadimaPSoCDAQ.a(ADC_DelSig_1.o) (__aeabi_dcmpgt)
c:/program files (x86)/cypress/psoc creator/4.4/psoc creator/import/gnu/arm/5.4.1/bin/../lib/gcc/arm-none-eabi/5.4.1/armv7-m\libgcc.a(_arm_addsubsf3.o)
                              .\ARM_GCC_541\Debug\main.o (__aeabi_ui2f)
c:/program files (x86)/cypress/psoc creator/4.4/psoc creator/import/gnu/arm/5.4.1/bin/../lib/gcc/arm-none-eabi/5.4.1/armv7-m\libgcc.a(_arm_muldivsf3.o)
                              .\ARM_GCC_541\Debug\nadimaPSoCDAQ.a(ADC_DelSig_1.o) (__aeabi_fmul)
c:/program files (x86)/cypress/psoc creator/4.4/psoc creator/import/gnu/arm/5.4.1/bin/../lib/gcc/arm-none-eabi/5.4.1/armv7-m\libgcc.a(_arm_fixunssfsi.o)
                              .\ARM_GCC_541\Debug\nadimaPSoCDAQ.a(ADC_DelSig_1.o) (__aeabi_f2uiz)
c:/program files (x86)/cypress/psoc creator/4.4/psoc creator/import/gnu/arm/5.4.1/bin/../lib/gcc/arm-none-eabi/5.4.1/../../../../arm-none-eabi/lib/armv7-m\libg_nano.a(lib_a-errno.o)
                              .\ARM_GCC_541\Debug\Cm3Start.o (__errno)
c:/program files (x86)/cypress/psoc creator/4.4/psoc creator/import/gnu/arm/5.4.1/bin/../lib/gcc/arm-none-eabi/5.4.1/../../../../arm-none-eabi/lib/armv7-m\libg_nano.a(lib_a-exit.o)
                              c:/program files (x86)/cypress/psoc creator/4.4/psoc creator/import/gnu/arm/5.4.1/bin/../lib/gcc/arm-none-eabi/5.4.1/../../../../arm-none-eabi/lib/armv7-m/crt0.o (exit)
c:/program files (x86)/cypress/psoc creator/4.4/psoc creator/import/gnu/arm/5.4.1/bin/../lib/gcc/arm-none-eabi/5.4.1/../../../../arm-none-eabi/lib/armv7-m\libg_nano.a(lib_a-impure.o)
                              c:/program files (x86)/cypress/psoc creator/4.4/psoc creator/import/gnu/arm/5.4.1/bin/../lib/gcc/arm-none-eabi/5.4.1/../../../../arm-none-eabi/lib/armv7-m\libg_nano.a(lib_a-exit.o) (_global_impure_ptr)
c:/program files (x86)/cypress/psoc creator/4.4/psoc creator/import/gnu/arm/5.4.1/bin/../lib/gcc/arm-none-eabi/5.4.1/../../../../arm-none-eabi/lib/armv7-m\libg_nano.a(lib_a-init.o)
                              c:/program files (x86)/cypress/psoc creator/4.4/psoc creator/import/gnu/arm/5.4.1/bin/../lib/gcc/arm-none-eabi/5.4.1/../../../../arm-none-eabi/lib/armv7-m/crt0.o (__libc_init_array)
[...]
Memory Configuration

Name             Origin             Length             Attributes
rom              0x00000000         0x00040000         xr
ram              0x1fff8000         0x00010000         xrw
*default*        0x00000000         0xffffffff

Linker script and memory map

LOAD c:/program files (x86)/cypress/psoc creator/4.4/psoc creator/import/gnu/arm/5.4.1/bin/../lib/gcc/arm-none-eabi/5.4.1/armv7-m/crti.o
LOAD c:/program files (x86)/cypress/psoc creator/4.4/psoc creator/import/gnu/arm/5.4.1/bin/../lib/gcc/arm-none-eabi/5.4.1/armv7-m/crtbegin.o
LOAD c:/program files (x86)/cypress/psoc creator/4.4/psoc creator/import/gnu/arm/5.4.1/bin/../lib/gcc/arm-none-eabi/5.4.1/../../../../arm-none-eabi/lib/armv7-m/crt0.o
START GROUP
LOAD .\ARM_GCC_541\Debug\main.o
LOAD .\ARM_GCC_541\Debug\cyfitter_cfg.o
LOAD .\ARM_GCC_541\Debug\cymetadata.o
LOAD .\ARM_GCC_541\Debug\Cm3Start.o
LOAD .\ARM_GCC_541\Debug\nadimaPSoCDAQ.a
LOAD C:\Program Files (x86)\Cypress\PSoC Creator\4.4\PSoC Creator\psoc\content\cycomponentlibrary\CyComponentLibrary.cylib\CortexM3\ARM_GCC_541\Debug\CyComponentLibrary.a
END GROUP
START GROUP
LOAD c:/program files (x86)/cypress/psoc creator/4.4/psoc creator/import/gnu/arm/5.4.1/bin/../lib/gcc/arm-none-eabi/5.4.1/armv7-m\libgcc.a
LOAD c:/program files (x86)/cypress/psoc creator/4.4/psoc creator/import/gnu/arm/5.4.1/bin/../lib/gcc/arm-none-eabi/5.4.1/../../../../arm-none-eabi/lib/armv7-m\libg_nano.a
LOAD c:/program files (x86)/cypress/psoc creator/4.4/psoc creator/import/gnu/arm/5.4.1/bin/../lib/gcc/arm-none-eabi/5.4.1/../../../../arm-none-eabi/lib/armv7-m\libc_nano.a
END GROUP
START GROUP
LOAD c:/program files (x86)/cypress/psoc creator/4.4/psoc creator/import/gnu/arm/5.4.1/bin/../lib/gcc/arm-none-eabi/5.4.1/armv7-m\libgcc.a
LOAD c:/program files (x86)/cypress/psoc creator/4.4/psoc creator/import/gnu/arm/5.4.1/bin/../lib/gcc/arm-none-eabi/5.4.1/../../../../arm-none-eabi/lib/armv7-m\libc_nano.a
END GROUP
LOAD c:/program files (x86)/cypress/psoc creator/4.4/psoc creator/import/gnu/arm/5.4.1/bin/../lib/gcc/arm-none-eabi/5.4.1/armv7-m/crtend.o
LOAD c:/program files (x86)/cypress/psoc creator/4.4/psoc creator/import/gnu/arm/5.4.1/bin/../lib/gcc/arm-none-eabi/5.4.1/armv7-m/crtn.o
START GROUP
LOAD c:/program files (x86)/cypress/psoc creator/4.4/psoc creator/import/gnu/arm/5.4.1/bin/../lib/gcc/arm-none-eabi/5.4.1/armv7-m\libgcc.a
LOAD c:/program files (x86)/cypress/psoc creator/4.4/psoc creator/import/gnu/arm/5.4.1/bin/../lib/gcc/arm-none-eabi/5.4.1/../../../../arm-none-eabi/lib/armv7-m\libc.a
LOAD c:/program files (x86)/cypress/psoc creator/4.4/psoc creator/import/gnu/arm/5.4.1/bin/../lib/gcc/arm-none-eabi/5.4.1/../../../../arm-none-eabi/lib/armv7-m\libnosys.a
END GROUP
                0x00000000                CY_APPL_ORIGIN = 0x0
                0x00000100                CY_FLASH_ROW_SIZE = 0x100
                0x00000020                CY_ECC_ROW_SIZE = 0x20
                0x00000000                CY_EE_IN_BTLDR = 0x0
                0x00000000                CY_APPL_LOADABLE = 0x0
                0x00000800                CY_EE_SIZE = 0x800
                0x00000001                CY_APPL_NUM = 0x1
                0x00000001                CY_APPL_MAX = 0x1
                0x00000040                CY_METADATA_SIZE = 0x40
                0x00000000                CY_APPL_LOADABLE = 0x0
                0x00000000                CY_CHECKSUM_EXCLUDE_SIZE = ALIGN (0x0, CY_FLASH_ROW_SIZE)
                [!provide]                PROVIDE (__cy_heap_start, _end)
                0x00000001                PROVIDE (__cy_region_num, ((__cy_regions_end - __cy_regions) / 0x10))
                0x20008000                PROVIDE (__cy_stack, (ORIGIN (ram) + LENGTH (ram)))
                [!provide]                PROVIDE (__cy_heap_end, (__cy_stack - 0x800))

.cybootloader   0x00000000        0x0
 *(.cybootloader)
                0x00000000                appl1_start = CY_APPL_ORIGIN?CY_APPL_ORIGIN:ALIGN (CY_FLASH_ROW_SIZE)
                0x0001ff00                appl2_start = (appl1_start + ALIGN ((((LENGTH (rom) - appl1_start) - (0x2 * CY_FLASH_ROW_SIZE)) / 0x2), CY_FLASH_ROW_SIZE))
                0x00000000                appl_start = (CY_APPL_NUM == 0x1)?appl1_start:appl2_start
                0x00000000                ecc_offset = ((appl_start / CY_FLASH_ROW_SIZE) * CY_ECC_ROW_SIZE)
                0x00000000                ee_offset = (CY_APPL_LOADABLE && ! (CY_EE_IN_BTLDR))?((CY_EE_SIZE / CY_APPL_MAX) * (CY_APPL_NUM - 0x1)):0x0
                0x00000800                ee_size = (CY_APPL_LOADABLE && ! (CY_EE_IN_BTLDR))?(CY_EE_SIZE / CY_APPL_MAX):CY_EE_SIZE
                [!provide]                PROVIDE (CY_ECC_OFFSET, ecc_offset)

.text           0x00000000     0x2b98
 CREATE_OBJECT_SYMBOLS
                0x00000000                PROVIDE (__cy_interrupt_vector, RomVectors)
 *(.romvectors)
 .romvectors    0x00000000       0x10 .\ARM_GCC_541\Debug\Cm3Start.o
                0x00000000                RomVectors
                0x00000001                ASSERT ((. != __cy_interrupt_vector), No interrupt vector)
                0x00000001                ASSERT (CY_APPL_ORIGIN?(SIZEOF (.cybootloader) <= CY_APPL_ORIGIN):0x1, Wrong image location)
                0x00000010                PROVIDE (__cy_reset, Reset)
 *(.text.Reset)
 .text.Reset    0x00000010       0x18 .\ARM_GCC_541\Debug\Cm3Start.o
                0x00000010                Reset
                0x00000001                ASSERT ((. != __cy_reset), No reset code)
 *(.dma_init)
                0x00000001                ASSERT ((((appl_start + .) <= 0x10000) || 0x1), DMA Init must be within the first 64k of flash)
 *(.text .text.* .gnu.linkonce.t.*)
 .text          0x00000028       0x5c c:/program files (x86)/cypress/psoc creator/4.4/psoc creator/import/gnu/arm/5.4.1/bin/../lib/gcc/arm-none-eabi/5.4.1/armv7-m/crtbegin.o
 .text.main     0x00000084       0x90 .\ARM_GCC_541\Debug\main.o
                0x00000084                main
 .text.ADC_ISR_Function
                0x00000114       0x3c .\ARM_GCC_541\Debug\main.o
                0x00000114                ADC_ISR_Function
 .text.Timer_ISR_Function
                0x00000150       0x6c .\ARM_GCC_541\Debug\main.o
                0x00000150                Timer_ISR_Function
 .text.CYMEMZERO
                0x000001bc       0x1c .\ARM_GCC_541\Debug\cyfitter_cfg.o
 .text.CYCONFIGCPY
                0x000001d8       0x20 .\ARM_GCC_541\Debug\cyfitter_cfg.o
 .text.CyClockStartupError
                0x000001f8        0xc .\ARM_GCC_541\Debug\cyfitter_cfg.o
 .text.cfg_write_bytes32
                0x00000204       0x74 .\ARM_GCC_541\Debug\cyfitter_cfg.o
 .text.ClockSetup
                0x00000278      0x158 .\ARM_GCC_541\Debug\cyfitter_cfg.o
 .text.AnalogSetDefault
                0x000003d0       0x58 .\ARM_GCC_541\Debug\cyfitter_cfg.o
 .text.ADC_DelSig_1_AMux_Set
                0x00000428       0x40 .\ARM_GCC_541\Debug\cyfitter_cfg.o
                0x00000428                ADC_DelSig_1_AMux_Set
 .text.ADC_DelSig_1_AMux_Unset
                0x00000468       0x44 .\ARM_GCC_541\Debug\cyfitter_cfg.o
                0x00000468                ADC_DelSig_1_AMux_Unset
 .text.cyfitter_cfg
                0x000004ac      0x188 .\ARM_GCC_541\Debug\cyfitter_cfg.o
                0x000004ac                cyfitter_cfg
 .text.IntDefaultHandler
                0x00000634       0x14 .\ARM_GCC_541\Debug\Cm3Start.o
                0x00000634                IntDefaultHandler
 .text._sbrk    0x00000648       0x50 .\ARM_GCC_541\Debug\Cm3Start.o
                0x00000648                _sbrk
 .text.Start_c  0x00000698       0x98 .\ARM_GCC_541\Debug\Cm3Start.o
                0x00000698                Start_c
 .text.initialize_psoc
                0x00000730       0x90 .\ARM_GCC_541\Debug\Cm3Start.o
                0x00000730                initialize_psoc
 .text.ADC_DelSig_1_Init
                0x000007c0      0x158 .\ARM_GCC_541\Debug\nadimaPSoCDAQ.a(ADC_DelSig_1.o)
                0x000007c0                ADC_DelSig_1_Init
 .text.ADC_DelSig_1_Enable
                0x00000918      0x154 .\ARM_GCC_541\Debug\nadimaPSoCDAQ.a(ADC_DelSig_1.o)
                0x00000918                ADC_DelSig_1_Enable
 .text.ADC_DelSig_1_Start
                0x00000a6c       0x30 .\ARM_GCC_541\Debug\nadimaPSoCDAQ.a(ADC_DelSig_1.o)
                0x00000a6c                ADC_DelSig_1_Start
 .text.ADC_DelSig_1_StartConvert
                0x00000a9c       0x20 .\ARM_GCC_541\Debug\nadimaPSoCDAQ.a(ADC_DelSig_1.o)
                0x00000a9c                ADC_DelSig_1_StartConvert
 .text.ADC_DelSig_1_GetResult16
                0x00000abc       0x7c .\ARM_GCC_541\Debug\nadimaPSoCDAQ.a(ADC_DelSig_1.o)
                0x00000abc                ADC_DelSig_1_GetResult16
 .text.ADC_DelSig_1_CountsTo_mVolts
                0x00000b38       0x3c .\ARM_GCC_541\Debug\nadimaPSoCDAQ.a(ADC_DelSig_1.o)
                0x00000b38                ADC_DelSig_1_CountsTo_mVolts
 .text.ADC_DelSig_1_InitConfig
                0x00000b74      0x410 .\ARM_GCC_541\Debug\nadimaPSoCDAQ.a(ADC_DelSig_1.o)
 .text.ADC_DelSig_1_GainCompensation
                0x00000f84      0x170 .\ARM_GCC_541\Debug\nadimaPSoCDAQ.a(ADC_DelSig_1.o)
 .text.ADC_DelSig_1_SetDSMRef0Reg
                0x000010f4       0x7c .\ARM_GCC_541\Debug\nadimaPSoCDAQ.a(ADC_DelSig_1.o)
 .text.ADC_DelSig_1_ISR1
                0x00001170        0xc .\ARM_GCC_541\Debug\nadimaPSoCDAQ.a(ADC_DelSig_1_INT.o)
                0x00001170                ADC_DelSig_1_ISR1
 .text.ADC_DelSig_1_ISR2
                0x0000117c        0xc .\ARM_GCC_541\Debug\nadimaPSoCDAQ.a(ADC_DelSig_1_INT.o)
                0x0000117c                ADC_DelSig_1_ISR2
 .text.ADC_DelSig_1_ISR3
                0x00001188        0xc .\ARM_GCC_541\Debug\nadimaPSoCDAQ.a(ADC_DelSig_1_INT.o)
                0x00001188                ADC_DelSig_1_ISR3
 .text.ADC_DelSig_1_ISR4
                0x00001194        0xc .\ARM_GCC_541\Debug\nadimaPSoCDAQ.a(ADC_DelSig_1_INT.o)
                0x00001194                ADC_DelSig_1_ISR4
 .text.UART_1_Start
                0x000011a0       0x24 .\ARM_GCC_541\Debug\nadimaPSoCDAQ.a(UART_1.o)
                0x000011a0                UART_1_Start
 .text.UART_1_Init
                0x000011c4       0x40 .\ARM_GCC_541\Debug\nadimaPSoCDAQ.a(UART_1.o)
                0x000011c4                UART_1_Init
 .text.UART_1_Enable
                0x00001204       0x60 .\ARM_GCC_541\Debug\nadimaPSoCDAQ.a(UART_1.o)
                0x00001204                UART_1_Enable
 .text.UART_1_PutChar
                0x00001264       0x34 .\ARM_GCC_541\Debug\nadimaPSoCDAQ.a(UART_1.o)
                0x00001264                UART_1_PutChar
 .text.UART_1_PutString
                0x00001298       0x44 .\ARM_GCC_541\Debug\nadimaPSoCDAQ.a(UART_1.o)
                0x00001298                UART_1_PutString
 .text.ADC_DelSig_1_AMux_Start
                0x000012dc       0x34 .\ARM_GCC_541\Debug\nadimaPSoCDAQ.a(ADC_DelSig_1_AMux.o)
                0x000012dc                ADC_DelSig_1_AMux_Start
 .text.ADC_DelSig_1_AMux_Select
                0x00001310       0x28 .\ARM_GCC_541\Debug\nadimaPSoCDAQ.a(ADC_DelSig_1_AMux.o)
                0x00001310                ADC_DelSig_1_AMux_Select
 .text.ADC_DelSig_1_Ext_CP_Clk_SetDividerRegister
                0x00001338      0x164 .\ARM_GCC_541\Debug\nadimaPSoCDAQ.a(ADC_DelSig_1_Ext_CP_Clk.o)
                0x00001338                ADC_DelSig_1_Ext_CP_Clk_SetDividerRegister
 .text.ADC_DelSig_1_Ext_CP_Clk_GetDividerRegister
                0x0000149c       0x18 .\ARM_GCC_541\Debug\nadimaPSoCDAQ.a(ADC_DelSig_1_Ext_CP_Clk.o)
                0x0000149c                ADC_DelSig_1_Ext_CP_Clk_GetDividerRegister
 .text.ADC_DelSig_1_Ext_CP_Clk_SetModeRegister
                0x000014b4       0x34 .\ARM_GCC_541\Debug\nadimaPSoCDAQ.a(ADC_DelSig_1_Ext_CP_Clk.o)
                0x000014b4                ADC_DelSig_1_Ext_CP_Clk_SetModeRegister
 .text.ADC_DelSig_1_Ext_CP_Clk_GetSourceRegister
                0x000014e8       0x1c .\ARM_GCC_541\Debug\nadimaPSoCDAQ.a(ADC_DelSig_1_Ext_CP_Clk.o)
                0x000014e8                ADC_DelSig_1_Ext_CP_Clk_GetSourceRegister
 .text.ADC_DelSig_1_theACLK_SetDividerRegister
                0x00001504      0x164 .\ARM_GCC_541\Debug\nadimaPSoCDAQ.a(ADC_DelSig_1_theACLK.o)
                0x00001504                ADC_DelSig_1_theACLK_SetDividerRegister
 .text.ADC_DelSig_1_theACLK_GetDividerRegister
                0x00001668       0x18 .\ARM_GCC_541\Debug\nadimaPSoCDAQ.a(ADC_DelSig_1_theACLK.o)
                0x00001668                ADC_DelSig_1_theACLK_GetDividerRegister
 .text.ADC_DelSig_1_theACLK_SetModeRegister
                0x00001680       0x34 .\ARM_GCC_541\Debug\nadimaPSoCDAQ.a(ADC_DelSig_1_theACLK.o)
                0x00001680                ADC_DelSig_1_theACLK_SetModeRegister
 .text.ADC_DelSig_1_theACLK_GetSourceRegister
                0x000016b4       0x1c .\ARM_GCC_541\Debug\nadimaPSoCDAQ.a(ADC_DelSig_1_theACLK.o)
                0x000016b4                ADC_DelSig_1_theACLK_GetSourceRegister
 .text.UART_1_IntClock_Start
                0x000016d0       0x34 .\ARM_GCC_541\Debug\nadimaPSoCDAQ.a(UART_1_IntClock.o)
                0x000016d0                UART_1_IntClock_Start
 .text.CyHalt   0x00001704       0x18 .\ARM_GCC_541\Debug\nadimaPSoCDAQ.a(CyLib.o)
                0x00001704                CyHalt
 .text.CyDelayUs
                0x0000171c       0x28 .\ARM_GCC_541\Debug\nadimaPSoCDAQ.a(CyLib.o)
                0x0000171c                CyDelayUs
 .text.CyIntSetVector
                0x00001744       0x50 .\ARM_GCC_541\Debug\nadimaPSoCDAQ.a(CyLib.o)
                0x00001744                CyIntSetVector
 .text.CyIntSetPriority
                0x00001794       0x48 .\ARM_GCC_541\Debug\nadimaPSoCDAQ.a(CyLib.o)
                0x00001794                CyIntSetPriority
 .text.ADC_isr_StartEx
                0x000017dc       0x24 .\ARM_GCC_541\Debug\nadimaPSoCDAQ.a(ADC_isr.o)
                0x000017dc                ADC_isr_StartEx
 .text.ADC_isr_SetVector
                0x00001800       0x24 .\ARM_GCC_541\Debug\nadimaPSoCDAQ.a(ADC_isr.o)
                0x00001800                ADC_isr_SetVector
 .text.ADC_isr_SetPriority
                0x00001824       0x24 .\ARM_GCC_541\Debug\nadimaPSoCDAQ.a(ADC_isr.o)
                0x00001824                ADC_isr_SetPriority
 .text.ADC_isr_Enable
                0x00001848       0x18 .\ARM_GCC_541\Debug\nadimaPSoCDAQ.a(ADC_isr.o)
                0x00001848                ADC_isr_Enable
 .text.ADC_isr_Disable
                0x00001860       0x18 .\ARM_GCC_541\Debug\nadimaPSoCDAQ.a(ADC_isr.o)
                0x00001860                ADC_isr_Disable
 .text.Timer_Init
                0x00001878       0x4c .\ARM_GCC_541\Debug\nadimaPSoCDAQ.a(Timer.o)
                0x00001878                Timer_Init
 .text.Timer_Enable
                0x000018c4       0x20 .\ARM_GCC_541\Debug\nadimaPSoCDAQ.a(Timer.o)
                0x000018c4                Timer_Enable
 .text.Timer_Start
                0x000018e4       0x24 .\ARM_GCC_541\Debug\nadimaPSoCDAQ.a(Timer.o)
                0x000018e4                Timer_Start
 .text.Timer_SetInterruptMode
                0x00001908       0x20 .\ARM_GCC_541\Debug\nadimaPSoCDAQ.a(Timer.o)
                0x00001908                Timer_SetInterruptMode
 .text.Timer_ReadStatusRegister
                0x00001928       0x18 .\ARM_GCC_541\Debug\nadimaPSoCDAQ.a(Timer.o)
                0x00001928                Timer_ReadStatusRegister
 .text.Timer_WritePeriod
                0x00001940       0x20 .\ARM_GCC_541\Debug\nadimaPSoCDAQ.a(Timer.o)
                0x00001940                Timer_WritePeriod
 .text.Timer_ReadCapture
                0x00001960       0x18 .\ARM_GCC_541\Debug\nadimaPSoCDAQ.a(Timer.o)
                0x00001960                Timer_ReadCapture
 .text.Timer_WriteCounter
                0x00001978       0x20 .\ARM_GCC_541\Debug\nadimaPSoCDAQ.a(Timer.o)
                0x00001978                Timer_WriteCounter
 .text.Timer_ClearFIFO
                0x00001998       0x1c .\ARM_GCC_541\Debug\nadimaPSoCDAQ.a(Timer.o)
                0x00001998                Timer_ClearFIFO
 .text.Timer_isr_StartEx
                0x000019b4       0x24 .\ARM_GCC_541\Debug\nadimaPSoCDAQ.a(Timer_isr.o)
                0x000019b4                Timer_isr_StartEx
 .text.Timer_isr_SetVector
                0x000019d8       0x24 .\ARM_GCC_541\Debug\nadimaPSoCDAQ.a(Timer_isr.o)
                0x000019d8                Timer_isr_SetVector
 .text.Timer_isr_SetPriority
                0x000019fc       0x24 .\ARM_GCC_541\Debug\nadimaPSoCDAQ.a(Timer_isr.o)
                0x000019fc                Timer_isr_SetPriority
 .text.Timer_isr_Enable
                0x00001a20       0x18 .\ARM_GCC_541\Debug\nadimaPSoCDAQ.a(Timer_isr.o)
                0x00001a20                Timer_isr_Enable
 .text.Timer_isr_Disable
                0x00001a38       0x18 .\ARM_GCC_541\Debug\nadimaPSoCDAQ.a(Timer_isr.o)
                0x00001a38                Timer_isr_Disable
 .text          0x00001a50       0x54 .\ARM_GCC_541\Debug\nadimaPSoCDAQ.a(CyBootAsmGnu.o)
                0x00001a50                CyDelayCycles
                0x00001a8e                CyEnterCriticalSection
                0x00001a96                CyExitCriticalSection
 .text          0x00001aa4      0x370 c:/program files (x86)/cypress/psoc creator/4.4/psoc creator/import/gnu/arm/5.4.1/bin/../lib/gcc/arm-none-eabi/5.4.1/armv7-m\libgcc.a(_arm_addsubdf3.o)
                0x00001aa4                __aeabi_drsub
                0x00001aac                __aeabi_dsub
                0x00001aac                __subdf3
                0x00001ab0                __aeabi_dadd
                0x00001ab0                __adddf3
                0x00001d28                __floatunsidf
                0x00001d28                __aeabi_ui2d
                0x00001d48                __floatsidf
                0x00001d48                __aeabi_i2d
                0x00001d6c                __aeabi_f2d
                0x00001d6c                __extendsfdf2
                0x00001da8                __floatundidf
                0x00001da8                __aeabi_ul2d
                0x00001db8                __floatdidf
                0x00001db8                __aeabi_l2d
 .text          0x00001e14      0x21c c:/program files (x86)/cypress/psoc creator/4.4/psoc creator/import/gnu/arm/5.4.1/bin/../lib/gcc/arm-none-eabi/5.4.1/armv7-m\libgcc.a(_arm_addsubsf3.o)
                0x00001e14                __aeabi_frsub
                0x00001e1c                __subsf3
                0x00001e1c                __aeabi_fsub
                0x00001e20                __aeabi_fadd
                0x00001e20                __addsf3
                0x00001f80                __aeabi_ui2f
                0x00001f80                __floatunsisf
                0x00001f88                __aeabi_i2f
                0x00001f88                __floatsisf
                0x00001fa4                __aeabi_ul2f
                0x00001fa4                __floatundisf
                0x00001fb4                __aeabi_l2f
                0x00001fb4                __floatdisf
 .text          0x00002030      0x2a0 c:/program files (x86)/cypress/psoc creator/4.4/psoc creator/import/gnu/arm/5.4.1/bin/../lib/gcc/arm-none-eabi/5.4.1/armv7-m\libgcc.a(_arm_muldivsf3.o)
                0x00002030                __mulsf3
                0x00002030                __aeabi_fmul
                0x00002198                __aeabi_fdiv
                0x00002198                __divsf3
 .text.__errno  0x000022d0        0xc c:/program files (x86)/cypress/psoc creator/4.4/psoc creator/import/gnu/arm/5.4.1/bin/../lib/gcc/arm-none-eabi/5.4.1/../../../../arm-none-eabi/lib/armv7-m\libg_nano.a(lib_a-errno.o)
                0x000022d0                __errno
 .text.__libc_init_array
                0x000022dc       0x4c c:/program files (x86)/cypress/psoc creator/4.4/psoc creator/import/gnu/arm/5.4.1/bin/../lib/gcc/arm-none-eabi/5.4.1/../../../../arm-none-eabi/lib/armv7-m\libg_nano.a(lib_a-init.o)
                0x000022dc                __libc_init_array
 .text.memcpy   0x00002328       0x16 c:/program files (x86)/cypress/psoc creator/4.4/psoc creator/import/gnu/arm/5.4.1/bin/../lib/gcc/arm-none-eabi/5.4.1/../../../../arm-none-eabi/lib/armv7-m\libg_nano.a(lib_a-memcpy-stub.o)
                0x00002328                memcpy
 .text.memset   0x0000233e       0x10 c:/program files (x86)/cypress/psoc creator/4.4/psoc creator/import/gnu/arm/5.4.1/bin/../lib/gcc/arm-none-eabi/5.4.1/../../../../arm-none-eabi/lib/armv7-m\libg_nano.a(lib_a-memset.o)
                0x0000233e                memset
 *fill*         0x0000234e        0x2 
 .text.sprintf  0x00002350       0x48 c:/program files (x86)/cypress/psoc creator/4.4/psoc creator/import/gnu/arm/5.4.1/bin/../lib/gcc/arm-none-eabi/5.4.1/../../../../arm-none-eabi/lib/armv7-m\libg_nano.a(lib_a-sprintf.o)
                0x00002350                siprintf
                0x00002350                sprintf
 .text.__ssputs_r
                0x00002398       0xb2 c:/program files (x86)/cypress/psoc creator/4.4/psoc creator/import/gnu/arm/5.4.1/bin/../lib/gcc/arm-none-eabi/5.4.1/../../../../arm-none-eabi/lib/armv7-m\libg_nano.a(lib_a-nano-svfprintf.o)
                0x00002398                __ssputs_r
 *fill*         0x0000244a        0x2 
 .text._svfprintf_r
                0x0000244c      0x1e8 c:/program files (x86)/cypress/psoc creator/4.4/psoc creator/import/gnu/arm/5.4.1/bin/../lib/gcc/arm-none-eabi/5.4.1/../../../../arm-none-eabi/lib/armv7-m\libg_nano.a(lib_a-nano-svfprintf.o)
                0x0000244c                _svfiprintf_r
                0x0000244c                _svfprintf_r
 .text._printf_common
                0x00002634       0xec c:/program files (x86)/cypress/psoc creator/4.4/psoc creator/import/gnu/arm/5.4.1/bin/../lib/gcc/arm-none-eabi/5.4.1/../../../../arm-none-eabi/lib/armv7-m\libg_nano.a(lib_a-nano-vfprintf_i.o)
                0x00002634                _printf_common
 .text._printf_i
                0x00002720      0x24c c:/program files (x86)/cypress/psoc creator/4.4/psoc creator/import/gnu/arm/5.4.1/bin/../lib/gcc/arm-none-eabi/5.4.1/../../../../arm-none-eabi/lib/armv7-m\libg_nano.a(lib_a-nano-vfprintf_i.o)
                0x00002720                _printf_i
 .text.memchr   0x0000296c       0x1c c:/program files (x86)/cypress/psoc creator/4.4/psoc creator/import/gnu/arm/5.4.1/bin/../lib/gcc/arm-none-eabi/5.4.1/../../../../arm-none-eabi/lib/armv7-m\libg_nano.a(lib_a-memchr-stub.o)
                0x0000296c                memchr
 .text.memmove  0x00002988       0x36 c:/program files (x86)/cypress/psoc creator/4.4/psoc creator/import/gnu/arm/5.4.1/bin/../lib/gcc/arm-none-eabi/5.4.1/../../../../arm-none-eabi/lib/armv7-m\libg_nano.a(lib_a-memmove.o)
                0x00002988                memmove
 *fill*         0x000029be        0x2 
 .text._free_r  0x000029c0       0x98 c:/program files (x86)/cypress/psoc creator/4.4/psoc creator/import/gnu/arm/5.4.1/bin/../lib/gcc/arm-none-eabi/5.4.1/../../../../arm-none-eabi/lib/armv7-m\libg_nano.a(lib_a-nano-freer.o)
                0x000029c0                _free_r
 .text._malloc_r
                0x00002a58       0xbc c:/program files (x86)/cypress/psoc creator/4.4/psoc creator/import/gnu/arm/5.4.1/bin/../lib/gcc/arm-none-eabi/5.4.1/../../../../arm-none-eabi/lib/armv7-m\libg_nano.a(lib_a-nano-mallocr.o)
                0x00002a58                _malloc_r
 .text._realloc_r
                0x00002b14       0x4c c:/program files (x86)/cypress/psoc creator/4.4/psoc creator/import/gnu/arm/5.4.1/bin/../lib/gcc/arm-none-eabi/5.4.1/../../../../arm-none-eabi/lib/armv7-m\libg_nano.a(lib_a-nano-reallocr.o)
                0x00002b14                _realloc_r
 .text._sbrk_r  0x00002b60       0x20 c:/program files (x86)/cypress/psoc creator/4.4/psoc creator/import/gnu/arm/5.4.1/bin/../lib/gcc/arm-none-eabi/5.4.1/../../../../arm-none-eabi/lib/armv7-m\libg_nano.a(lib_a-sbrkr.o)
                0x00002b60                _sbrk_r
 .text.__malloc_lock
                0x00002b80        0x2 c:/program files (x86)/cypress/psoc creator/4.4/psoc creator/import/gnu/arm/5.4.1/bin/../lib/gcc/arm-none-eabi/5.4.1/../../../../arm-none-eabi/lib/armv7-m\libg_nano.a(lib_a-mlock.o)
                0x00002b80                __malloc_lock
 .text.__malloc_unlock
                0x00002b82        0x2 c:/program files (x86)/cypress/psoc creator/4.4/psoc creator/import/gnu/arm/5.4.1/bin/../lib/gcc/arm-none-eabi/5.4.1/../../../../arm-none-eabi/lib/armv7-m\libg_nano.a(lib_a-mlock.o)
                0x00002b82                __malloc_unlock
 .text._malloc_usable_size_r
                0x00002b84       0x14 c:/program files (x86)/cypress/psoc creator/4.4/psoc creator/import/gnu/arm/5.4.1/bin/../lib/gcc/arm-none-eabi/5.4.1/../../../../arm-none-eabi/lib/armv7-m\libg_nano.a(lib_a-nano-msizer.o)
                0x00002b84                _malloc_usable_size_r
 *(.plt)
 *(.gnu.warning)
 *(.glue_7t)
 .glue_7t       0x00002b98        0x0 linker stubs
 *(.glue_7)
 .glue_7        0x00002b98        0x0 linker stubs
 *(.vfp11_veneer)
 .vfp11_veneer  0x00002b98        0x0 linker stubs
 *(.bootloader)
 *(.ARM.extab* .gnu.linkonce.armextab.*)
 *(.gcc_except_table)

.v4_bx          0x00002b98        0x0
 .v4_bx         0x00002b98        0x0 linker stubs

.iplt           0x00002b98        0x0
 .iplt          0x00002b98        0x0 c:/program files (x86)/cypress/psoc creator/4.4/psoc creator/import/gnu/arm/5.4.1/bin/../lib/gcc/arm-none-eabi/5.4.1/armv7-m/crtbegin.o

.eh_frame_hdr
 *(.eh_frame_hdr)

.eh_frame       0x00002b98        0x4
 *(.eh_frame)
 .eh_frame      0x00002b98        0x0 c:/program files (x86)/cypress/psoc creator/4.4/psoc creator/import/gnu/arm/5.4.1/bin/../lib/gcc/arm-none-eabi/5.4.1/armv7-m/crtbegin.o
 .eh_frame      0x00002b98        0x4 c:/program files (x86)/cypress/psoc creator/4.4/psoc creator/import/gnu/arm/5.4.1/bin/../lib/gcc/arm-none-eabi/5.4.1/armv7-m/crtend.o
                [!provide]                PROVIDE (__exidx_start, .)

.ARM.exidx
 *(.ARM.exidx* .gnu.linkonce.armexidx.*)
                0x00002b9c                __exidx_end = .

.rodata         0x00002b9c       0xec
 *(.rodata .rodata.* .gnu.linkonce.r.*)
 .rodata        0x00002b9c       0x2d .\ARM_GCC_541\Debug\main.o
 *fill*         0x00002bc9        0x3 
 .rodata        0x00002bcc       0x50 .\ARM_GCC_541\Debug\cyfitter_cfg.o
                0x00002bcc                ADC_DelSig_1_AMux__addrTable
                0x00002bd4                ADC_DelSig_1_AMux__maskTable
 .rodata.str1.1
                0x00002c1c        0x2 c:/program files (x86)/cypress/psoc creator/4.4/psoc creator/import/gnu/arm/5.4.1/bin/../lib/gcc/arm-none-eabi/5.4.1/../../../../arm-none-eabi/lib/armv7-m\libg_nano.a(lib_a-impure.o)
 .rodata.str1.1
                0x00002c1e       0x11 c:/program files (x86)/cypress/psoc creator/4.4/psoc creator/import/gnu/arm/5.4.1/bin/../lib/gcc/arm-none-eabi/5.4.1/../../../../arm-none-eabi/lib/armv7-m\libg_nano.a(lib_a-nano-svfprintf.o)
 .rodata.str1.1
                0x00002c2f       0x22 c:/program files (x86)/cypress/psoc creator/4.4/psoc creator/import/gnu/arm/5.4.1/bin/../lib/gcc/arm-none-eabi/5.4.1/../../../../arm-none-eabi/lib/armv7-m\libg_nano.a(lib_a-nano-vfprintf_i.o)
                0x00002c54                . = ALIGN (0x4)
 *fill*         0x00002c51        0x3 
 *(.init)
 .init          0x00002c54        0x4 c:/program files (x86)/cypress/psoc creator/4.4/psoc creator/import/gnu/arm/5.4.1/bin/../lib/gcc/arm-none-eabi/5.4.1/armv7-m/crti.o
                0x00002c54                _init
 .init          0x00002c58        0x8 c:/program files (x86)/cypress/psoc creator/4.4/psoc creator/import/gnu/arm/5.4.1/bin/../lib/gcc/arm-none-eabi/5.4.1/armv7-m/crtn.o
                0x00002c60                . = ALIGN (0x4)
                0x00002c60                __preinit_array_start = .
 *(.preinit_array)
                0x00002c60                __preinit_array_end = .
                0x00002c60                . = ALIGN (0x4)
                0x00002c60                __init_array_start = .
 *(SORT(.init_array.*))
 *(.init_array)
 .init_array    0x00002c60        0x4 c:/program files (x86)/cypress/psoc creator/4.4/psoc creator/import/gnu/arm/5.4.1/bin/../lib/gcc/arm-none-eabi/5.4.1/armv7-m/crtbegin.o
 .init_array    0x00002c64        0x4 .\ARM_GCC_541\Debug\Cm3Start.o
                0x00002c68                __init_array_end = .
                0x00002c68                . = ALIGN (0x4)
 *(.fini)
 .fini          0x00002c68        0x4 c:/program files (x86)/cypress/psoc creator/4.4/psoc creator/import/gnu/arm/5.4.1/bin/../lib/gcc/arm-none-eabi/5.4.1/armv7-m/crti.o
                0x00002c68                _fini
 .fini          0x00002c6c        0x8 c:/program files (x86)/cypress/psoc creator/4.4/psoc creator/import/gnu/arm/5.4.1/bin/../lib/gcc/arm-none-eabi/5.4.1/armv7-m/crtn.o
                0x00002c74                . = ALIGN (0x4)
                0x00002c74                __fini_array_start = .
 *(.fini_array)
 .fini_array    0x00002c74        0x4 c:/program files (x86)/cypress/psoc creator/4.4/psoc creator/import/gnu/arm/5.4.1/bin/../lib/gcc/arm-none-eabi/5.4.1/armv7-m/crtbegin.o
 *(SORT(.fini_array.*))
                0x00002c78                __fini_array_end = .
                0x00002c78                . = ALIGN (0x4)
 *crtbegin.o(.ctors)
 *(EXCLUDE_FILE(*crtend.o) .ctors)
 *(SORT(.ctors.*))
 *crtend.o(.ctors)
                0x00002c78                . = ALIGN (0x4)
 *crtbegin.o(.dtors)
 *(EXCLUDE_FILE(*crtend.o) .dtors)
 *(SORT(.dtors.*))
 *crtend.o(.dtors)
                0x00002c78                . = ALIGN (0x4)
                0x00002c78                __cy_regions = .
                0x00002c78        0x4 LONG 0x2c88 __cy_region_init_ram
                0x00002c7c        0x4 LONG 0x1fff80c8 __cy_region_start_data
                0x00002c80        0x4 LONG 0x80 __cy_region_init_size_ram
                0x00002c84        0x4 LONG 0x80 __cy_region_zero_size_ram
                0x00002c88                __cy_regions_end = .
                0x00002c88                . = ALIGN (0x8)
                0x00002c88                _etext = .

.cy_checksum_exclude
                0x00002c88        0x0
 *(.cy_checksum_exclude)

.ramvectors     0x1fff8000       0xc0
                0x1fff8000                __cy_region_start_ram = .
 *(.ramvectors)
 .ramvectors    0x1fff8000       0xc0 .\ARM_GCC_541\Debug\Cm3Start.o
                0x1fff8000                CyRamVectors

.noinit         0x1fff80c0        0x5
 *(.noinit)
 .noinit        0x1fff80c0        0x4 .\ARM_GCC_541\Debug\Cm3Start.o
 .noinit        0x1fff80c4        0x1 .\ARM_GCC_541\Debug\nadimaPSoCDAQ.a(CyLib.o)
                0x1fff80c4                CyResetStatus

.data           0x1fff80c8       0x80 load address 0x00002c88
                0x1fff80c8                __cy_region_start_data = .
 *(.jcr)
 .jcr           0x1fff80c8        0x0 c:/program files (x86)/cypress/psoc creator/4.4/psoc creator/import/gnu/arm/5.4.1/bin/../lib/gcc/arm-none-eabi/5.4.1/armv7-m/crtbegin.o
 .jcr           0x1fff80c8        0x4 c:/program files (x86)/cypress/psoc creator/4.4/psoc creator/import/gnu/arm/5.4.1/bin/../lib/gcc/arm-none-eabi/5.4.1/armv7-m/crtend.o
 *(.got.plt)
 *(.got)
 *(.shdata)
 *(.data .data.* .gnu.linkonce.d.*)
 .data          0x1fff80cc        0x4 .\ARM_GCC_541\Debug\Cm3Start.o
 .data          0x1fff80d0        0x1 .\ARM_GCC_541\Debug\nadimaPSoCDAQ.a(ADC_DelSig_1.o)
                0x1fff80d0                ADC_DelSig_1_Config
 .data          0x1fff80d1        0x1 .\ARM_GCC_541\Debug\nadimaPSoCDAQ.a(ADC_DelSig_1_AMux.o)
 *fill*         0x1fff80d2        0x2 
 .data          0x1fff80d4       0x10 .\ARM_GCC_541\Debug\nadimaPSoCDAQ.a(CyLib.o)
                0x1fff80d4                cydelay_freq_hz
                0x1fff80d8                cydelay_freq_khz
                0x1fff80dc                cydelay_freq_mhz
                0x1fff80e0                cydelay_32k_ms
 .data.impure_data
                0x1fff80e4       0x60 c:/program files (x86)/cypress/psoc creator/4.4/psoc creator/import/gnu/arm/5.4.1/bin/../lib/gcc/arm-none-eabi/5.4.1/../../../../arm-none-eabi/lib/armv7-m\libg_nano.a(lib_a-impure.o)
 .data._impure_ptr
                0x1fff8144        0x4 c:/program files (x86)/cypress/psoc creator/4.4/psoc creator/import/gnu/arm/5.4.1/bin/../lib/gcc/arm-none-eabi/5.4.1/../../../../arm-none-eabi/lib/armv7-m\libg_nano.a(lib_a-impure.o)
                0x1fff8144                _impure_ptr
                0x1fff8148                . = ALIGN (0x8)
 *(.ram)
                0x1fff8148                _edata = .

.igot.plt       0x1fff8148        0x0 load address 0x00002d08
 .igot.plt      0x1fff8148        0x0 c:/program files (x86)/cypress/psoc creator/4.4/psoc creator/import/gnu/arm/5.4.1/bin/../lib/gcc/arm-none-eabi/5.4.1/armv7-m/crtbegin.o

.bss            0x1fff8148       0x80 load address 0x00002d08
                0x1fff8148                PROVIDE (__bss_start__, .)
 *(.shbss)
 *(.bss .bss.* .gnu.linkonce.b.*)
 .bss           0x1fff8148       0x1c c:/program files (x86)/cypress/psoc creator/4.4/psoc creator/import/gnu/arm/5.4.1/bin/../lib/gcc/arm-none-eabi/5.4.1/armv7-m/crtbegin.o
 .bss           0x1fff8164        0x9 .\ARM_GCC_541\Debug\main.o
                0x1fff8164                sum_of_voltage
                0x1fff8168                count
                0x1fff816c                send_data
 *fill*         0x1fff816d        0x3 
 .bss           0x1fff8170       0x18 .\ARM_GCC_541\Debug\nadimaPSoCDAQ.a(ADC_DelSig_1.o)
                0x1fff8170                ADC_DelSig_1_convDone
                0x1fff8171                ADC_DelSig_1_stopConversion
                0x1fff8172                ADC_DelSig_1_initVar
                0x1fff8173                ADC_DelSig_1_started
                0x1fff8174                ADC_DelSig_1_Offset
 .bss           0x1fff8188        0x2 .\ARM_GCC_541\Debug\nadimaPSoCDAQ.a(UART_1.o)
                0x1fff8188                UART_1_initVar
 .bss           0x1fff818a        0x1 .\ARM_GCC_541\Debug\nadimaPSoCDAQ.a(Timer.o)
                0x1fff818a                Timer_initVar
 *fill*         0x1fff818b        0x1 
 .bss.__malloc_sbrk_start
                0x1fff818c        0x4 c:/program files (x86)/cypress/psoc creator/4.4/psoc creator/import/gnu/arm/5.4.1/bin/../lib/gcc/arm-none-eabi/5.4.1/../../../../arm-none-eabi/lib/armv7-m\libg_nano.a(lib_a-nano-mallocr.o)
                0x1fff818c                __malloc_sbrk_start
 .bss.__malloc_free_list
                0x1fff8190        0x4 c:/program files (x86)/cypress/psoc creator/4.4/psoc creator/import/gnu/arm/5.4.1/bin/../lib/gcc/arm-none-eabi/5.4.1/../../../../arm-none-eabi/lib/armv7-m\libg_nano.a(lib_a-nano-mallocr.o)
                0x1fff8190                __malloc_free_list
 *(COMMON)
 COMMON         0x1fff8194       0x28 .\ARM_GCC_541\Debug\main.o
                0x1fff8194                TransmitBuffer
                0x1fff81b4                current_tempreture
                0x1fff81b8                voltage
 COMMON         0x1fff81bc        0x4 .\ARM_GCC_541\Debug\nadimaPSoCDAQ.a(ADC_DelSig_1.o)
                0x1fff81bc                ADC_DelSig_1_CountsPerVolt
 COMMON         0x1fff81c0        0x4 c:/program files (x86)/cypress/psoc creator/4.4/psoc creator/import/gnu/arm/5.4.1/bin/../lib/gcc/arm-none-eabi/5.4.1/../../../../arm-none-eabi/lib/armv7-m\libg_nano.a(lib_a-reent.o)
                0x1fff81c0                errno
                0x1fff81c8                . = ALIGN (0x8)
 *fill*         0x1fff81c4        0x4 
 *(.ram.b)
                0x1fff81c8                _end = .
                0x1fff81c8                __end = .
                0x1fff81c8                PROVIDE (end, .)
                0x1fff81c8                PROVIDE (__bss_end__, .)
                0x00002c88                __cy_region_init_ram = LOADADDR (.data)
                0x00000080                __cy_region_init_size_ram = (_edata - ADDR (.data))
                0x00000080                __cy_region_zero_size_ram = (_end - _edata)

.heap           0x1fff81c8       0x80 load address 0x00002d08
                0x1fff81c8                . = _end
                0x1fff8248                . = (. + 0x80)
 *fill*         0x1fff81c8       0x80 
                0x1fff8248                __cy_heap_limit = .

.stack          0x20007800      0x800
                0x20007800                __cy_stack_limit = .
                0x20008000                . = (. + 0x800)
 *fill*         0x20007800      0x800 
                0x00000001                ASSERT ((__cy_stack_limit >= __cy_heap_limit), region RAM overflowed with stack)
                0x00000000                cy_checksum_exclude_size = (CY_APPL_LOADABLE == 0x1)?SIZEOF (.cy_checksum_exclude):0x0
                0x00000001                ASSERT ((cy_checksum_exclude_size <= CY_CHECKSUM_EXCLUDE_SIZE), CY_BOOT: Section .cy_checksum_exclude size exceedes specified limit.)

.cyloadermeta
 *(.cyloadermeta)

.cyloadablemeta
 *(.cyloadablemeta)

.cyconfigecc    0x80000000      0x55c
 *(.cyconfigecc)
 .cyconfigecc   0x80000000      0x55c .\ARM_GCC_541\Debug\cymetadata.o
                0x80000000                cy_meta_configecc

.cycustnvl      0x90000000        0x4
 *(.cycustnvl)
 .cycustnvl     0x90000000        0x4 .\ARM_GCC_541\Debug\cymetadata.o
                0x90000000                cy_meta_custnvl

.cywolatch      0x90100000        0x4
 *(.cywolatch)
 .cywolatch     0x90100000        0x4 .\ARM_GCC_541\Debug\cymetadata.o
                0x90100000                cy_meta_wonvl

.cyeeprom       0x90200000        0x0
 *(.cyeeprom)
                0x00000001                ASSERT ((. <= ((0x90200000 + ee_offset) + ee_size)), .cyeeprom data will not fit in EEPROM)

.cyflashprotect
                0x90400000      0x100
 *(.cyflashprotect)
 .cyflashprotect
                0x90400000      0x100 .\ARM_GCC_541\Debug\cymetadata.o
                0x90400000                cy_meta_flashprotect

.cymeta         0x90500000        0xc
 *(.cymeta)
 .cymeta        0x90500000        0xc .\ARM_GCC_541\Debug\cymetadata.o
                0x90500000                cy_metadata

.rel.dyn        0x00002d08        0x0 load address 0x9050000c
 .rel.iplt      0x00002d08        0x0 c:/program files (x86)/cypress/psoc creator/4.4/psoc creator/import/gnu/arm/5.4.1/bin/../lib/gcc/arm-none-eabi/5.4.1/armv7-m/crtbegin.o

.stab
 *(.stab)

.stabstr
 *(.stabstr)

.debug
 *(.debug)

.line
 *(.line)

.debug_srcinfo
 *(.debug_srcinfo)

.debug_sfnames
 *(.debug_sfnames)

.debug_aranges  0x00000000      0xa90
 *(.debug_aranges)
 .debug_aranges
                0x00000000       0x30 .\ARM_GCC_541\Debug\main.o
 .debug_aranges
                0x00000030       0x70 .\ARM_GCC_541\Debug\cyfitter_cfg.o
 .debug_aranges
                0x000000a0       0x18 .\ARM_GCC_541\Debug\cymetadata.o
 .debug_aranges
                0x000000b8       0x48 .\ARM_GCC_541\Debug\Cm3Start.o
 .debug_aranges
                0x00000100       0xe8 .\ARM_GCC_541\Debug\nadimaPSoCDAQ.a(ADC_DelSig_1.o)
 .debug_aranges
                0x000001e8       0x38 .\ARM_GCC_541\Debug\nadimaPSoCDAQ.a(ADC_DelSig_1_INT.o)
 .debug_aranges
                0x00000220       0xf0 .\ARM_GCC_541\Debug\nadimaPSoCDAQ.a(UART_1.o)
 .debug_aranges
                0x00000310       0x30 .\ARM_GCC_541\Debug\nadimaPSoCDAQ.a(ADC_DelSig_1_AMux.o)
 .debug_aranges
                0x00000340       0x70 .\ARM_GCC_541\Debug\nadimaPSoCDAQ.a(ADC_DelSig_1_Ext_CP_Clk.o)
 .debug_aranges
                0x000003b0       0x80 .\ARM_GCC_541\Debug\nadimaPSoCDAQ.a(ADC_DelSig_1_theACLK.o)
 .debug_aranges
                0x00000430       0x70 .\ARM_GCC_541\Debug\nadimaPSoCDAQ.a(UART_1_IntClock.o)
 .debug_aranges
                0x000004a0      0x2a0 .\ARM_GCC_541\Debug\nadimaPSoCDAQ.a(CyLib.o)
 .debug_aranges
                0x00000740       0x98 .\ARM_GCC_541\Debug\nadimaPSoCDAQ.a(cyPm.o)
 .debug_aranges
                0x000007d8       0x80 .\ARM_GCC_541\Debug\nadimaPSoCDAQ.a(ADC_isr.o)
 .debug_aranges
                0x00000858       0x90 .\ARM_GCC_541\Debug\nadimaPSoCDAQ.a(Timer.o)
 .debug_aranges
                0x000008e8       0x80 .\ARM_GCC_541\Debug\nadimaPSoCDAQ.a(Timer_isr.o)
 .debug_aranges
                0x00000968       0x20 .\ARM_GCC_541\Debug\nadimaPSoCDAQ.a(CyBootAsmGnu.o)
 .debug_aranges
                0x00000988       0x88 .\ARM_GCC_541\Debug\nadimaPSoCDAQ.a(CyFlash.o)
 .debug_aranges
                0x00000a10       0x80 .\ARM_GCC_541\Debug\nadimaPSoCDAQ.a(CySpc.o)

.debug_pubnames
 *(.debug_pubnames)

.debug_info     0x00000000     0x4413
 *(.debug_info .gnu.linkonce.wi.*)
 .debug_info    0x00000000      0x195 .\ARM_GCC_541\Debug\main.o
 .debug_info    0x00000195      0x500 .\ARM_GCC_541\Debug\cyfitter_cfg.o
 .debug_info    0x00000695      0x136 .\ARM_GCC_541\Debug\cymetadata.o
 .debug_info    0x000007cb      0x32b .\ARM_GCC_541\Debug\Cm3Start.o
 .debug_info    0x00000af6      0x72c .\ARM_GCC_541\Debug\nadimaPSoCDAQ.a(ADC_DelSig_1.o)
 .debug_info    0x00001222       0xd3 .\ARM_GCC_541\Debug\nadimaPSoCDAQ.a(ADC_DelSig_1_INT.o)
 .debug_info    0x000012f5      0x50a .\ARM_GCC_541\Debug\nadimaPSoCDAQ.a(UART_1.o)
 .debug_info    0x000017ff      0x10a .\ARM_GCC_541\Debug\nadimaPSoCDAQ.a(ADC_DelSig_1_AMux.o)
 .debug_info    0x00001909      0x25d .\ARM_GCC_541\Debug\nadimaPSoCDAQ.a(ADC_DelSig_1_Ext_CP_Clk.o)
 .debug_info    0x00001b66      0x299 .\ARM_GCC_541\Debug\nadimaPSoCDAQ.a(ADC_DelSig_1_theACLK.o)
 .debug_info    0x00001dff      0x25d .\ARM_GCC_541\Debug\nadimaPSoCDAQ.a(UART_1_IntClock.o)
 .debug_info    0x0000205c      0xe51 .\ARM_GCC_541\Debug\nadimaPSoCDAQ.a(CyLib.o)
 .debug_info    0x00002ead      0x57a .\ARM_GCC_541\Debug\nadimaPSoCDAQ.a(cyPm.o)
 .debug_info    0x00003427      0x241 .\ARM_GCC_541\Debug\nadimaPSoCDAQ.a(ADC_isr.o)
 .debug_info    0x00003668      0x25b .\ARM_GCC_541\Debug\nadimaPSoCDAQ.a(Timer.o)
 .debug_info    0x000038c3      0x241 .\ARM_GCC_541\Debug\nadimaPSoCDAQ.a(Timer_isr.o)
 .debug_info    0x00003b04       0x96 .\ARM_GCC_541\Debug\nadimaPSoCDAQ.a(CyBootAsmGnu.o)
 .debug_info    0x00003b9a      0x3b9 .\ARM_GCC_541\Debug\nadimaPSoCDAQ.a(CyFlash.o)
 .debug_info    0x00003f53      0x4c0 .\ARM_GCC_541\Debug\nadimaPSoCDAQ.a(CySpc.o)

.debug_abbrev   0x00000000     0x1639
 *(.debug_abbrev)
 .debug_abbrev  0x00000000       0xd8 .\ARM_GCC_541\Debug\main.o
 .debug_abbrev  0x000000d8      0x1ca .\ARM_GCC_541\Debug\cyfitter_cfg.o
 .debug_abbrev  0x000002a2       0x77 .\ARM_GCC_541\Debug\cymetadata.o
 .debug_abbrev  0x00000319      0x1d6 .\ARM_GCC_541\Debug\Cm3Start.o
 .debug_abbrev  0x000004ef      0x19d .\ARM_GCC_541\Debug\nadimaPSoCDAQ.a(ADC_DelSig_1.o)
 .debug_abbrev  0x0000068c       0x42 .\ARM_GCC_541\Debug\nadimaPSoCDAQ.a(ADC_DelSig_1_INT.o)
 .debug_abbrev  0x000006ce      0x163 .\ARM_GCC_541\Debug\nadimaPSoCDAQ.a(UART_1.o)
 .debug_abbrev  0x00000831       0x6f .\ARM_GCC_541\Debug\nadimaPSoCDAQ.a(ADC_DelSig_1_AMux.o)
 .debug_abbrev  0x000008a0      0x11d .\ARM_GCC_541\Debug\nadimaPSoCDAQ.a(ADC_DelSig_1_Ext_CP_Clk.o)
 .debug_abbrev  0x000009bd      0x11d .\ARM_GCC_541\Debug\nadimaPSoCDAQ.a(ADC_DelSig_1_theACLK.o)
 .debug_abbrev  0x00000ada      0x11d .\ARM_GCC_541\Debug\nadimaPSoCDAQ.a(UART_1_IntClock.o)
 .debug_abbrev  0x00000bf7      0x217 .\ARM_GCC_541\Debug\nadimaPSoCDAQ.a(CyLib.o)
 .debug_abbrev  0x00000e0e      0x161 .\ARM_GCC_541\Debug\nadimaPSoCDAQ.a(cyPm.o)
 .debug_abbrev  0x00000f6f      0x172 .\ARM_GCC_541\Debug\nadimaPSoCDAQ.a(ADC_isr.o)
 .debug_abbrev  0x000010e1      0x11b .\ARM_GCC_541\Debug\nadimaPSoCDAQ.a(Timer.o)
 .debug_abbrev  0x000011fc      0x172 .\ARM_GCC_541\Debug\nadimaPSoCDAQ.a(Timer_isr.o)
 .debug_abbrev  0x0000136e       0x14 .\ARM_GCC_541\Debug\nadimaPSoCDAQ.a(CyBootAsmGnu.o)
 .debug_abbrev  0x00001382      0x14b .\ARM_GCC_541\Debug\nadimaPSoCDAQ.a(CyFlash.o)
 .debug_abbrev  0x000014cd      0x16c .\ARM_GCC_541\Debug\nadimaPSoCDAQ.a(CySpc.o)

.debug_line     0x00000000     0x292b
 *(.debug_line)
 .debug_line    0x00000000      0x19e .\ARM_GCC_541\Debug\main.o
 .debug_line    0x0000019e      0x24a .\ARM_GCC_541\Debug\cyfitter_cfg.o
 .debug_line    0x000003e8      0x141 .\ARM_GCC_541\Debug\cymetadata.o
 .debug_line    0x00000529      0x1dc .\ARM_GCC_541\Debug\Cm3Start.o
 .debug_line    0x00000705      0x3da .\ARM_GCC_541\Debug\nadimaPSoCDAQ.a(ADC_DelSig_1.o)
 .debug_line    0x00000adf       0x95 .\ARM_GCC_541\Debug\nadimaPSoCDAQ.a(ADC_DelSig_1_INT.o)
 .debug_line    0x00000b74      0x2e4 .\ARM_GCC_541\Debug\nadimaPSoCDAQ.a(UART_1.o)
 .debug_line    0x00000e58       0xa6 .\ARM_GCC_541\Debug\nadimaPSoCDAQ.a(ADC_DelSig_1_AMux.o)
 .debug_line    0x00000efe      0x1b6 .\ARM_GCC_541\Debug\nadimaPSoCDAQ.a(ADC_DelSig_1_Ext_CP_Clk.o)
 .debug_line    0x000010b4      0x1d7 .\ARM_GCC_541\Debug\nadimaPSoCDAQ.a(ADC_DelSig_1_theACLK.o)
 .debug_line    0x0000128b      0x1ae .\ARM_GCC_541\Debug\nadimaPSoCDAQ.a(UART_1_IntClock.o)
 .debug_line    0x00001439      0x883 .\ARM_GCC_541\Debug\nadimaPSoCDAQ.a(CyLib.o)
 .debug_line    0x00001cbc      0x38e .\ARM_GCC_541\Debug\nadimaPSoCDAQ.a(cyPm.o)
 .debug_line    0x0000204a      0x152 .\ARM_GCC_541\Debug\nadimaPSoCDAQ.a(ADC_isr.o)
 .debug_line    0x0000219c      0x16e .\ARM_GCC_541\Debug\nadimaPSoCDAQ.a(Timer.o)
 .debug_line    0x0000230a      0x144 .\ARM_GCC_541\Debug\nadimaPSoCDAQ.a(Timer_isr.o)
 .debug_line    0x0000244e       0x7d .\ARM_GCC_541\Debug\nadimaPSoCDAQ.a(CyBootAsmGnu.o)
 .debug_line    0x000024cb      0x22f .\ARM_GCC_541\Debug\nadimaPSoCDAQ.a(CyFlash.o)
 .debug_line    0x000026fa      0x231 .\ARM_GCC_541\Debug\nadimaPSoCDAQ.a(CySpc.o)

.debug_frame    0x00000000     0x2e58
 *(.debug_frame)
 .debug_frame   0x00000000       0x78 .\ARM_GCC_541\Debug\main.o
 .debug_frame   0x00000078      0x1bc .\ARM_GCC_541\Debug\cyfitter_cfg.o
 .debug_frame   0x00000234       0xd8 .\ARM_GCC_541\Debug\Cm3Start.o
 .debug_frame   0x0000030c      0x40c .\ARM_GCC_541\Debug\nadimaPSoCDAQ.a(ADC_DelSig_1.o)
 .debug_frame   0x00000718       0xa0 .\ARM_GCC_541\Debug\nadimaPSoCDAQ.a(ADC_DelSig_1_INT.o)
 .debug_frame   0x000007b8      0x42c .\ARM_GCC_541\Debug\nadimaPSoCDAQ.a(UART_1.o)
 .debug_frame   0x00000be4       0x88 .\ARM_GCC_541\Debug\nadimaPSoCDAQ.a(ADC_DelSig_1_AMux.o)
 .debug_frame   0x00000c6c      0x1b4 .\ARM_GCC_541\Debug\nadimaPSoCDAQ.a(ADC_DelSig_1_Ext_CP_Clk.o)
 .debug_frame   0x00000e20      0x200 .\ARM_GCC_541\Debug\nadimaPSoCDAQ.a(ADC_DelSig_1_theACLK.o)
 .debug_frame   0x00001020      0x1b4 .\ARM_GCC_541\Debug\nadimaPSoCDAQ.a(UART_1_IntClock.o)
 .debug_frame   0x000011d4      0xc0c .\ARM_GCC_541\Debug\nadimaPSoCDAQ.a(CyLib.o)
 .debug_frame   0x00001de0      0x234 .\ARM_GCC_541\Debug\nadimaPSoCDAQ.a(cyPm.o)
 .debug_frame   0x00002014      0x1e8 .\ARM_GCC_541\Debug\nadimaPSoCDAQ.a(ADC_isr.o)
 .debug_frame   0x000021fc      0x230 .\ARM_GCC_541\Debug\nadimaPSoCDAQ.a(Timer.o)
 .debug_frame   0x0000242c      0x1e8 .\ARM_GCC_541\Debug\nadimaPSoCDAQ.a(Timer_isr.o)
 .debug_frame   0x00002614      0x238 .\ARM_GCC_541\Debug\nadimaPSoCDAQ.a(CyFlash.o)
 .debug_frame   0x0000284c      0x228 .\ARM_GCC_541\Debug\nadimaPSoCDAQ.a(CySpc.o)
 .debug_frame   0x00002a74       0x20 c:/program files (x86)/cypress/psoc creator/4.4/psoc creator/import/gnu/arm/5.4.1/bin/../lib/gcc/arm-none-eabi/5.4.1/../../../../arm-none-eabi/lib/armv7-m\libg_nano.a(lib_a-errno.o)
 .debug_frame   0x00002a94       0x28 c:/program files (x86)/cypress/psoc creator/4.4/psoc creator/import/gnu/arm/5.4.1/bin/../lib/gcc/arm-none-eabi/5.4.1/../../../../arm-none-eabi/lib/armv7-m\libg_nano.a(lib_a-exit.o)
 .debug_frame   0x00002abc       0x2c c:/program files (x86)/cypress/psoc creator/4.4/psoc creator/import/gnu/arm/5.4.1/bin/../lib/gcc/arm-none-eabi/5.4.1/../../../../arm-none-eabi/lib/armv7-m\libg_nano.a(lib_a-init.o)
 .debug_frame   0x00002ae8       0x28 c:/program files (x86)/cypress/psoc creator/4.4/psoc creator/import/gnu/arm/5.4.1/bin/../lib/gcc/arm-none-eabi/5.4.1/../../../../arm-none-eabi/lib/armv7-m\libg_nano.a(lib_a-memcpy-stub.o)
 .debug_frame   0x00002b10       0x20 c:/program files (x86)/cypress/psoc creator/4.4/psoc creator/import/gnu/arm/5.4.1/bin/../lib/gcc/arm-none-eabi/5.4.1/../../../../arm-none-eabi/lib/armv7-m\libg_nano.a(lib_a-memset.o)
 .debug_frame   0x00002b30       0x70 c:/program files (x86)/cypress/psoc creator/4.4/psoc creator/import/gnu/arm/5.4.1/bin/../lib/gcc/arm-none-eabi/5.4.1/../../../../arm-none-eabi/lib/armv7-m\libg_nano.a(lib_a-sprintf.o)
 .debug_frame   0x00002ba0       0x90 c:/program files (x86)/cypress/psoc creator/4.4/psoc creator/import/gnu/arm/5.4.1/bin/../lib/gcc/arm-none-eabi/5.4.1/../../../../arm-none-eabi/lib/armv7-m\libg_nano.a(lib_a-nano-svfprintf.o)
 .debug_frame   0x00002c30       0x60 c:/program files (x86)/cypress/psoc creator/4.4/psoc creator/import/gnu/arm/5.4.1/bin/../lib/gcc/arm-none-eabi/5.4.1/../../../../arm-none-eabi/lib/armv7-m\libg_nano.a(lib_a-nano-vfprintf_i.o)
 .debug_frame   0x00002c90       0x28 c:/program files (x86)/cypress/psoc creator/4.4/psoc creator/import/gnu/arm/5.4.1/bin/../lib/gcc/arm-none-eabi/5.4.1/../../../../arm-none-eabi/lib/armv7-m\libg_nano.a(lib_a-memchr-stub.o)
 .debug_frame   0x00002cb8       0x28 c:/program files (x86)/cypress/psoc creator/4.4/psoc creator/import/gnu/arm/5.4.1/bin/../lib/gcc/arm-none-eabi/5.4.1/../../../../arm-none-eabi/lib/armv7-m\libg_nano.a(lib_a-memmove.o)
 .debug_frame   0x00002ce0       0x38 c:/program files (x86)/cypress/psoc creator/4.4/psoc creator/import/gnu/arm/5.4.1/bin/../lib/gcc/arm-none-eabi/5.4.1/../../../../arm-none-eabi/lib/armv7-m\libg_nano.a(lib_a-nano-freer.o)
 .debug_frame   0x00002d18       0x2c c:/program files (x86)/cypress/psoc creator/4.4/psoc creator/import/gnu/arm/5.4.1/bin/../lib/gcc/arm-none-eabi/5.4.1/../../../../arm-none-eabi/lib/armv7-m\libg_nano.a(lib_a-nano-mallocr.o)
 .debug_frame   0x00002d44       0x3c c:/program files (x86)/cypress/psoc creator/4.4/psoc creator/import/gnu/arm/5.4.1/bin/../lib/gcc/arm-none-eabi/5.4.1/../../../../arm-none-eabi/lib/armv7-m\libg_nano.a(lib_a-nano-reallocr.o)
 .debug_frame   0x00002d80       0x2c c:/program files (x86)/cypress/psoc creator/4.4/psoc creator/import/gnu/arm/5.4.1/bin/../lib/gcc/arm-none-eabi/5.4.1/../../../../arm-none-eabi/lib/armv7-m\libg_nano.a(lib_a-sbrkr.o)
 .debug_frame   0x00002dac       0x30 c:/program files (x86)/cypress/psoc creator/4.4/psoc creator/import/gnu/arm/5.4.1/bin/../lib/gcc/arm-none-eabi/5.4.1/../../../../arm-none-eabi/lib/armv7-m\libg_nano.a(lib_a-mlock.o)
 .debug_frame   0x00002ddc       0x20 c:/program files (x86)/cypress/psoc creator/4.4/psoc creator/import/gnu/arm/5.4.1/bin/../lib/gcc/arm-none-eabi/5.4.1/../../../../arm-none-eabi/lib/armv7-m\libg_nano.a(lib_a-nano-msizer.o)
 .debug_frame   0x00002dfc       0x5c c:/program files (x86)/cypress/psoc creator/4.4/psoc creator/import/gnu/arm/5.4.1/bin/../lib/gcc/arm-none-eabi/5.4.1/../../../../arm-none-eabi/lib/armv7-m\libg_nano.a(lib_a-reent.o)

.debug_str      0x00000000     0x24a5
 *(.debug_str)
 .debug_str     0x00000000      0x1ee .\ARM_GCC_541\Debug\main.o
                                0x23e (size before relaxing)
 .debug_str     0x000001ee      0x213 .\ARM_GCC_541\Debug\cyfitter_cfg.o
                                0x3ae (size before relaxing)
 .debug_str     0x00000401       0x7f .\ARM_GCC_541\Debug\cymetadata.o
                                0x1ea (size before relaxing)
 .debug_str     0x00000480      0x123 .\ARM_GCC_541\Debug\Cm3Start.o
                                0x2dd (size before relaxing)
 .debug_str     0x000005a3      0x436 .\ARM_GCC_541\Debug\nadimaPSoCDAQ.a(ADC_DelSig_1.o)
                                0x629 (size before relaxing)
 .debug_str     0x000009d9       0x72 .\ARM_GCC_541\Debug\nadimaPSoCDAQ.a(ADC_DelSig_1_INT.o)
                                0x1f3 (size before relaxing)
 .debug_str     0x00000a4b      0x2a1 .\ARM_GCC_541\Debug\nadimaPSoCDAQ.a(UART_1.o)
                                0x461 (size before relaxing)
 .debug_str     0x00000cec       0x9c .\ARM_GCC_541\Debug\nadimaPSoCDAQ.a(ADC_DelSig_1_AMux.o)
                                0x216 (size before relaxing)
 .debug_str     0x00000d88      0x220 .\ARM_GCC_541\Debug\nadimaPSoCDAQ.a(ADC_DelSig_1_Ext_CP_Clk.o)
                                0x3b4 (size before relaxing)
 .debug_str     0x00000fa8      0x208 .\ARM_GCC_541\Debug\nadimaPSoCDAQ.a(ADC_DelSig_1_theACLK.o)
                                0x3e5 (size before relaxing)
 .debug_str     0x000011b0      0x177 .\ARM_GCC_541\Debug\nadimaPSoCDAQ.a(UART_1_IntClock.o)
                                0x354 (size before relaxing)
 .debug_str     0x00001327      0x7f7 .\ARM_GCC_541\Debug\nadimaPSoCDAQ.a(CyLib.o)
                                0x9f0 (size before relaxing)
 .debug_str     0x00001b1e      0x371 .\ARM_GCC_541\Debug\nadimaPSoCDAQ.a(cyPm.o)
                                0x549 (size before relaxing)
 .debug_str     0x00001e8f      0x102 .\ARM_GCC_541\Debug\nadimaPSoCDAQ.a(ADC_isr.o)
                                0x2c8 (size before relaxing)
 .debug_str     0x00001f91      0x173 .\ARM_GCC_541\Debug\nadimaPSoCDAQ.a(Timer.o)
                                0x314 (size before relaxing)
 .debug_str     0x00002104      0x11e .\ARM_GCC_541\Debug\nadimaPSoCDAQ.a(Timer_isr.o)
                                0x2e4 (size before relaxing)
 .debug_str     0x00002222      0x156 .\ARM_GCC_541\Debug\nadimaPSoCDAQ.a(CyFlash.o)
                                0x30d (size before relaxing)
 .debug_str     0x00002378      0x12d .\ARM_GCC_541\Debug\nadimaPSoCDAQ.a(CySpc.o)
                                0x307 (size before relaxing)

.debug_loc
 *(.debug_loc)

.debug_macinfo
 *(.debug_macinfo)

.debug_ranges   0x00000000      0x948
 *(.debug_ranges)
 .debug_ranges  0x00000000       0x20 .\ARM_GCC_541\Debug\main.o
 .debug_ranges  0x00000020       0x60 .\ARM_GCC_541\Debug\cyfitter_cfg.o
 .debug_ranges  0x00000080       0x38 .\ARM_GCC_541\Debug\Cm3Start.o
 .debug_ranges  0x000000b8       0xd8 .\ARM_GCC_541\Debug\nadimaPSoCDAQ.a(ADC_DelSig_1.o)
 .debug_ranges  0x00000190       0x28 .\ARM_GCC_541\Debug\nadimaPSoCDAQ.a(ADC_DelSig_1_INT.o)
 .debug_ranges  0x000001b8       0xe0 .\ARM_GCC_541\Debug\nadimaPSoCDAQ.a(UART_1.o)
 .debug_ranges  0x00000298       0x20 .\ARM_GCC_541\Debug\nadimaPSoCDAQ.a(ADC_DelSig_1_AMux.o)
 .debug_ranges  0x000002b8       0x60 .\ARM_GCC_541\Debug\nadimaPSoCDAQ.a(ADC_DelSig_1_Ext_CP_Clk.o)
 .debug_ranges  0x00000318       0x70 .\ARM_GCC_541\Debug\nadimaPSoCDAQ.a(ADC_DelSig_1_theACLK.o)
 .debug_ranges  0x00000388       0x60 .\ARM_GCC_541\Debug\nadimaPSoCDAQ.a(UART_1_IntClock.o)
 .debug_ranges  0x000003e8      0x290 .\ARM_GCC_541\Debug\nadimaPSoCDAQ.a(CyLib.o)
 .debug_ranges  0x00000678       0x88 .\ARM_GCC_541\Debug\nadimaPSoCDAQ.a(cyPm.o)
 .debug_ranges  0x00000700       0x70 .\ARM_GCC_541\Debug\nadimaPSoCDAQ.a(ADC_isr.o)
 .debug_ranges  0x00000770       0x80 .\ARM_GCC_541\Debug\nadimaPSoCDAQ.a(Timer.o)
 .debug_ranges  0x000007f0       0x70 .\ARM_GCC_541\Debug\nadimaPSoCDAQ.a(Timer_isr.o)
 .debug_ranges  0x00000860       0x78 .\ARM_GCC_541\Debug\nadimaPSoCDAQ.a(CyFlash.o)
 .debug_ranges  0x000008d8       0x70 .\ARM_GCC_541\Debug\nadimaPSoCDAQ.a(CySpc.o)

.comment        0x00000000       0x6e
 .comment       0x00000000       0x6e .\ARM_GCC_541\Debug\main.o
                                 0x6f (size before relaxing)
 .comment       0x0000006e       0x6f .\ARM_GCC_541\Debug\cyfitter_cfg.o
 .comment       0x0000006e       0x6f .\ARM_GCC_541\Debug\cymetadata.o
 .comment       0x0000006e       0x6f .\ARM_GCC_541\Debug\Cm3Start.o
 .comment       0x0000006e       0x6f .\ARM_GCC_541\Debug\nadimaPSoCDAQ.a(ADC_DelSig_1.o)
 .comment       0x0000006e       0x6f .\ARM_GCC_541\Debug\nadimaPSoCDAQ.a(ADC_DelSig_1_INT.o)
 .comment       0x0000006e       0x6f .\ARM_GCC_541\Debug\nadimaPSoCDAQ.a(UART_1.o)
 .comment       0x0000006e       0x6f .\ARM_GCC_541\Debug\nadimaPSoCDAQ.a(ADC_DelSig_1_AMux.o)
 .comment       0x0000006e       0x6f .\ARM_GCC_541\Debug\nadimaPSoCDAQ.a(ADC_DelSig_1_Ext_CP_Clk.o)
 .comment       0x0000006e       0x6f .\ARM_GCC_541\Debug\nadimaPSoCDAQ.a(ADC_DelSig_1_theACLK.o)
 .comment       0x0000006e       0x6f .\ARM_GCC_541\Debug\nadimaPSoCDAQ.a(UART_1_IntClock.o)
 .comment       0x0000006e       0x6f .\ARM_GCC_541\Debug\nadimaPSoCDAQ.a(CyLib.o)
 .comment       0x0000006e       0x6f .\ARM_GCC_541\Debug\nadimaPSoCDAQ.a(cyPm.o)
 .comment       0x0000006e       0x6f .\ARM_GCC_541\Debug\nadimaPSoCDAQ.a(ADC_isr.o)
 .comment       0x0000006e       0x6f .\ARM_GCC_541\Debug\nadimaPSoCDAQ.a(Timer.o)
 .comment       0x0000006e       0x6f .\ARM_GCC_541\Debug\nadimaPSoCDAQ.a(Timer_isr.o)
 .comment       0x0000006e       0x6f .\ARM_GCC_541\Debug\nadimaPSoCDAQ.a(CyFlash.o)
 .comment       0x0000006e       0x6f .\ARM_GCC_541\Debug\nadimaPSoCDAQ.a(CySpc.o)

.debug_weaknames
 *(.debug_weaknames)

.debug_funcnames
 *(.debug_funcnames)

.debug_typenames
 *(.debug_typenames)

.debug_varnames
 *(.debug_varnames)

.note.gnu.arm.ident
 *(.note.gnu.arm.ident)

.ARM.attributes
                0x00000000       0x29
 *(.ARM.attributes)
 .ARM.attributes
                0x00000000       0x1d c:/program files (x86)/cypress/psoc creator/4.4/psoc creator/import/gnu/arm/5.4.1/bin/../lib/gcc/arm-none-eabi/5.4.1/armv7-m/crti.o
 .ARM.attributes
                0x0000001d       0x2d c:/program files (x86)/cypress/psoc creator/4.4/psoc creator/import/gnu/arm/5.4.1/bin/../lib/gcc/arm-none-eabi/5.4.1/armv7-m/crtbegin.o
 .ARM.attributes
                0x0000004a       0x1b c:/program files (x86)/cypress/psoc creator/4.4/psoc creator/import/gnu/arm/5.4.1/bin/../lib/gcc/arm-none-eabi/5.4.1/../../../../arm-none-eabi/lib/armv7-m/crt0.o
 .ARM.attributes
                0x00000065       0x33 .\ARM_GCC_541\Debug\main.o
 .ARM.attributes
                0x00000098       0x33 .\ARM_GCC_541\Debug\cyfitter_cfg.o
 .ARM.attributes
                0x000000cb       0x33 .\ARM_GCC_541\Debug\cymetadata.o
 .ARM.attributes
                0x000000fe       0x33 .\ARM_GCC_541\Debug\Cm3Start.o
 .ARM.attributes
                0x00000131       0x33 .\ARM_GCC_541\Debug\nadimaPSoCDAQ.a(ADC_DelSig_1.o)
 .ARM.attributes
                0x00000164       0x33 .\ARM_GCC_541\Debug\nadimaPSoCDAQ.a(ADC_DelSig_1_INT.o)
 .ARM.attributes
                0x00000197       0x33 .\ARM_GCC_541\Debug\nadimaPSoCDAQ.a(UART_1.o)
 .ARM.attributes
                0x000001ca       0x33 .\ARM_GCC_541\Debug\nadimaPSoCDAQ.a(ADC_DelSig_1_AMux.o)
 .ARM.attributes
                0x000001fd       0x33 .\ARM_GCC_541\Debug\nadimaPSoCDAQ.a(ADC_DelSig_1_Ext_CP_Clk.o)
 .ARM.attributes
                0x00000230       0x33 .\ARM_GCC_541\Debug\nadimaPSoCDAQ.a(ADC_DelSig_1_theACLK.o)
 .ARM.attributes
                0x00000263       0x33 .\ARM_GCC_541\Debug\nadimaPSoCDAQ.a(UART_1_IntClock.o)
 .ARM.attributes
                0x00000296       0x33 .\ARM_GCC_541\Debug\nadimaPSoCDAQ.a(CyLib.o)
 .ARM.attributes
                0x000002c9       0x33 .\ARM_GCC_541\Debug\nadimaPSoCDAQ.a(cyPm.o)
 .ARM.attributes
                0x000002fc       0x33 .\ARM_GCC_541\Debug\nadimaPSoCDAQ.a(ADC_isr.o)
 .ARM.attributes
                0x0000032f       0x33 .\ARM_GCC_541\Debug\nadimaPSoCDAQ.a(Timer.o)
 .ARM.attributes
                0x00000362       0x33 .\ARM_GCC_541\Debug\nadimaPSoCDAQ.a(Timer_isr.o)
 .ARM.attributes
                0x00000395       0x21 .\ARM_GCC_541\Debug\nadimaPSoCDAQ.a(CyBootAsmGnu.o)
 .ARM.attributes
                0x000003b6       0x33 .\ARM_GCC_541\Debug\nadimaPSoCDAQ.a(CyFlash.o)
 .ARM.attributes
                0x000003e9       0x33 .\ARM_GCC_541\Debug\nadimaPSoCDAQ.a(CySpc.o)
 .ARM.attributes
                0x0000041c       0x1d c:/program files (x86)/cypress/psoc creator/4.4/psoc creator/import/gnu/arm/5.4.1/bin/../lib/gcc/arm-none-eabi/5.4.1/armv7-m\libgcc.a(_arm_addsubdf3.o)
 .ARM.attributes
                0x00000439       0x1d c:/program files (x86)/cypress/psoc creator/4.4/psoc creator/import/gnu/arm/5.4.1/bin/../lib/gcc/arm-none-eabi/5.4.1/armv7-m\libgcc.a(_arm_cmpdf2.o)
 .ARM.attributes
                0x00000456       0x1d c:/program files (x86)/cypress/psoc creator/4.4/psoc creator/import/gnu/arm/5.4.1/bin/../lib/gcc/arm-none-eabi/5.4.1/armv7-m\libgcc.a(_arm_addsubsf3.o)
 .ARM.attributes
                0x00000473       0x1d c:/program files (x86)/cypress/psoc creator/4.4/psoc creator/import/gnu/arm/5.4.1/bin/../lib/gcc/arm-none-eabi/5.4.1/armv7-m\libgcc.a(_arm_muldivsf3.o)
 .ARM.attributes
                0x00000490       0x1d c:/program files (x86)/cypress/psoc creator/4.4/psoc creator/import/gnu/arm/5.4.1/bin/../lib/gcc/arm-none-eabi/5.4.1/armv7-m\libgcc.a(_arm_fixunssfsi.o)
 .ARM.attributes
                0x000004ad       0x2d c:/program files (x86)/cypress/psoc creator/4.4/psoc creator/import/gnu/arm/5.4.1/bin/../lib/gcc/arm-none-eabi/5.4.1/../../../../arm-none-eabi/lib/armv7-m\libg_nano.a(lib_a-errno.o)
 .ARM.attributes
                0x000004da       0x2d c:/program files (x86)/cypress/psoc creator/4.4/psoc creator/import/gnu/arm/5.4.1/bin/../lib/gcc/arm-none-eabi/5.4.1/../../../../arm-none-eabi/lib/armv7-m\libg_nano.a(lib_a-exit.o)
 .ARM.attributes
                0x00000507       0x2d c:/program files (x86)/cypress/psoc creator/4.4/psoc creator/import/gnu/arm/5.4.1/bin/../lib/gcc/arm-none-eabi/5.4.1/../../../../arm-none-eabi/lib/armv7-m\libg_nano.a(lib_a-impure.o)
 .ARM.attributes
                0x00000534       0x2d c:/program files (x86)/cypress/psoc creator/4.4/psoc creator/import/gnu/arm/5.4.1/bin/../lib/gcc/arm-none-eabi/5.4.1/../../../../arm-none-eabi/lib/armv7-m\libg_nano.a(lib_a-init.o)
 .ARM.attributes
                0x00000561       0x2d c:/program files (x86)/cypress/psoc creator/4.4/psoc creator/import/gnu/arm/5.4.1/bin/../lib/gcc/arm-none-eabi/5.4.1/../../../../arm-none-eabi/lib/armv7-m\libg_nano.a(lib_a-memcpy-stub.o)
 .ARM.attributes
                0x0000058e       0x2d c:/program files (x86)/cypress/psoc creator/4.4/psoc creator/import/gnu/arm/5.4.1/bin/../lib/gcc/arm-none-eabi/5.4.1/../../../../arm-none-eabi/lib/armv7-m\libg_nano.a(lib_a-memset.o)
 .ARM.attributes
                0x000005bb       0x2d c:/program files (x86)/cypress/psoc creator/4.4/psoc creator/import/gnu/arm/5.4.1/bin/../lib/gcc/arm-none-eabi/5.4.1/../../../../arm-none-eabi/lib/armv7-m\libg_nano.a(lib_a-sprintf.o)
 .ARM.attributes
                0x000005e8       0x2d c:/program files (x86)/cypress/psoc creator/4.4/psoc creator/import/gnu/arm/5.4.1/bin/../lib/gcc/arm-none-eabi/5.4.1/../../../../arm-none-eabi/lib/armv7-m\libg_nano.a(lib_a-nano-svfprintf.o)
 .ARM.attributes
                0x00000615       0x2d c:/program files (x86)/cypress/psoc creator/4.4/psoc creator/import/gnu/arm/5.4.1/bin/../lib/gcc/arm-none-eabi/5.4.1/../../../../arm-none-eabi/lib/armv7-m\libg_nano.a(lib_a-nano-vfprintf_i.o)
 .ARM.attributes
                0x00000642       0x2d c:/program files (x86)/cypress/psoc creator/4.4/psoc creator/import/gnu/arm/5.4.1/bin/../lib/gcc/arm-none-eabi/5.4.1/../../../../arm-none-eabi/lib/armv7-m\libg_nano.a(lib_a-memchr-stub.o)
 .ARM.attributes
                0x0000066f       0x2d c:/program files (x86)/cypress/psoc creator/4.4/psoc creator/import/gnu/arm/5.4.1/bin/../lib/gcc/arm-none-eabi/5.4.1/../../../../arm-none-eabi/lib/armv7-m\libg_nano.a(lib_a-memmove.o)
 .ARM.attributes
                0x0000069c       0x2d c:/program files (x86)/cypress/psoc creator/4.4/psoc creator/import/gnu/arm/5.4.1/bin/../lib/gcc/arm-none-eabi/5.4.1/../../../../arm-none-eabi/lib/armv7-m\libg_nano.a(lib_a-nano-freer.o)
 .ARM.attributes
                0x000006c9       0x2d c:/program files (x86)/cypress/psoc creator/4.4/psoc creator/import/gnu/arm/5.4.1/bin/../lib/gcc/arm-none-eabi/5.4.1/../../../../arm-none-eabi/lib/armv7-m\libg_nano.a(lib_a-nano-mallocr.o)
 .ARM.attributes
                0x000006f6       0x2d c:/program files (x86)/cypress/psoc creator/4.4/psoc creator/import/gnu/arm/5.4.1/bin/../lib/gcc/arm-none-eabi/5.4.1/../../../../arm-none-eabi/lib/armv7-m\libg_nano.a(lib_a-nano-reallocr.o)
 .ARM.attributes
                0x00000723       0x2d c:/program files (x86)/cypress/psoc creator/4.4/psoc creator/import/gnu/arm/5.4.1/bin/../lib/gcc/arm-none-eabi/5.4.1/../../../../arm-none-eabi/lib/armv7-m\libg_nano.a(lib_a-sbrkr.o)
 .ARM.attributes
                0x00000750       0x2d c:/program files (x86)/cypress/psoc creator/4.4/psoc creator/import/gnu/arm/5.4.1/bin/../lib/gcc/arm-none-eabi/5.4.1/../../../../arm-none-eabi/lib/armv7-m\libg_nano.a(lib_a-mlock.o)
 .ARM.attributes
                0x0000077d       0x2d c:/program files (x86)/cypress/psoc creator/4.4/psoc creator/import/gnu/arm/5.4.1/bin/../lib/gcc/arm-none-eabi/5.4.1/../../../../arm-none-eabi/lib/armv7-m\libg_nano.a(lib_a-nano-msizer.o)
 .ARM.attributes
                0x000007aa       0x2d c:/program files (x86)/cypress/psoc creator/4.4/psoc creator/import/gnu/arm/5.4.1/bin/../lib/gcc/arm-none-eabi/5.4.1/../../../../arm-none-eabi/lib/armv7-m\libg_nano.a(lib_a-reent.o)
 .ARM.attributes
                0x000007d7       0x2d c:/program files (x86)/cypress/psoc creator/4.4/psoc creator/import/gnu/arm/5.4.1/bin/../lib/gcc/arm-none-eabi/5.4.1/armv7-m/crtend.o
 .ARM.attributes
                0x00000804       0x1d c:/program files (x86)/cypress/psoc creator/4.4/psoc creator/import/gnu/arm/5.4.1/bin/../lib/gcc/arm-none-eabi/5.4.1/armv7-m/crtn.o

/DISCARD/
 *(.note.GNU-stack)
OUTPUT(C:\Users\iamna\Documents\PSoC Creator\nadimaPSoCDAQ\nadimaPSoCDAQ.cydsn\ARM_GCC_541\Debug\nadimaPSoCDAQ.elf elf32-littlearm)
